[2025-03-30 10:00:00] production.ERROR: SQLSTATE[HY000] [1045] Access denied for user 'forge'@'localhost' (using password: NO) (Connection: mysql, SQL: select table_name as `name`, (data_length + index_length) as `size`, table_comment as `comment`, engine as `engine`, table_collation as `collation` from information_schema.tables where table_schema = 'forge' and table_type in ('BASE TABLE', 'SYSTEM VERSIONED') order by table_name) {"exception":"[object] (Illuminate\\Database\\QueryException(code: 1045): SQLSTATE[HY000] [1045] Access denied for user 'forge'@'localhost' (using password: NO) (Connection: mysql, SQL: select table_name as `name`, (data_length + index_length) as `size`, table_comment as `comment`, engine as `engine`, table_collation as `collation` from information_schema.tables where table_schema = 'forge' and table_type in ('BASE TABLE', 'SYSTEM VERSIONED') order by table_name) at C:\\Users\\Lovely\\Desktop\\Angular\\OBS\\online-barter-system\\OBS-api\\vendor\\illuminate\\database\\Connection.php:829)
[stacktrace]
#0 C:\\Users\\Lovely\\Desktop\\Angular\\OBS\\online-barter-system\\OBS-api\\vendor\\illuminate\\database\\Connection.php(783): Illuminate\\Database\\Connection->runQueryCallback('select table_na...', Array, Object(Closure))
#1 C:\\Users\\Lovely\\Desktop\\Angular\\OBS\\online-barter-system\\OBS-api\\vendor\\illuminate\\database\\Connection.php(414): Illuminate\\Database\\Connection->run('select table_na...', Array, Object(Closure))
#2 C:\\Users\\Lovely\\Desktop\\Angular\\OBS\\online-barter-system\\OBS-api\\vendor\\illuminate\\database\\Connection.php(401): Illuminate\\Database\\Connection->select('select table_na...', Array, false)
#3 C:\\Users\\Lovely\\Desktop\\Angular\\OBS\\online-barter-system\\OBS-api\\vendor\\illuminate\\database\\Schema\\MySqlBuilder.php(41): Illuminate\\Database\\Connection->selectFromWriteConnection('select table_na...')
#4 C:\\Users\\Lovely\\Desktop\\Angular\\OBS\\online-barter-system\\OBS-api\\vendor\\illuminate\\database\\Schema\\Builder.php(165): Illuminate\\Database\\Schema\\MySqlBuilder->getTables(false)
#5 C:\\Users\\Lovely\\Desktop\\Angular\\OBS\\online-barter-system\\OBS-api\\vendor\\illuminate\\database\\Migrations\\DatabaseMigrationRepository.php(184): Illuminate\\Database\\Schema\\Builder->hasTable('migrations')
#6 C:\\Users\\Lovely\\Desktop\\Angular\\OBS\\online-barter-system\\OBS-api\\vendor\\illuminate\\database\\Migrations\\Migrator.php(700): Illuminate\\Database\\Migrations\\DatabaseMigrationRepository->repositoryExists()
#7 C:\\Users\\Lovely\\Desktop\\Angular\\OBS\\online-barter-system\\OBS-api\\vendor\\illuminate\\database\\Console\\Migrations\\MigrateCommand.php(140): Illuminate\\Database\\Migrations\\Migrator->repositoryExists()
#8 C:\\Users\\Lovely\\Desktop\\Angular\\OBS\\online-barter-system\\OBS-api\\vendor\\illuminate\\support\\helpers.php(261): Illuminate\\Database\\Console\\Migrations\\MigrateCommand->Illuminate\\Database\\Console\\Migrations\\{closure}(1)
#9 C:\\Users\\Lovely\\Desktop\\Angular\\OBS\\online-barter-system\\OBS-api\\vendor\\illuminate\\database\\Console\\Migrations\\MigrateCommand.php(140): retry(1, Object(Closure), 0, Object(Closure))
#10 C:\\Users\\Lovely\\Desktop\\Angular\\OBS\\online-barter-system\\OBS-api\\vendor\\illuminate\\database\\Console\\Migrations\\MigrateCommand.php(116): Illuminate\\Database\\Console\\Migrations\\MigrateCommand->repositoryExists()
#11 C:\\Users\\Lovely\\Desktop\\Angular\\OBS\\online-barter-system\\OBS-api\\vendor\\illuminate\\database\\Console\\Migrations\\MigrateCommand.php(84): Illuminate\\Database\\Console\\Migrations\\MigrateCommand->prepareDatabase()
#12 C:\\Users\\Lovely\\Desktop\\Angular\\OBS\\online-barter-system\\OBS-api\\vendor\\illuminate\\database\\Migrations\\Migrator.php(633): Illuminate\\Database\\Console\\Migrations\\MigrateCommand->Illuminate\\Database\\Console\\Migrations\\{closure}()
#13 C:\\Users\\Lovely\\Desktop\\Angular\\OBS\\online-barter-system\\OBS-api\\vendor\\illuminate\\database\\Console\\Migrations\\MigrateCommand.php(83): Illuminate\\Database\\Migrations\\Migrator->usingConnection(NULL, Object(Closure))
#14 C:\\Users\\Lovely\\Desktop\\Angular\\OBS\\online-barter-system\\OBS-api\\vendor\\illuminate\\container\\BoundMethod.php(36): Illuminate\\Database\\Console\\Migrations\\MigrateCommand->handle()
#15 C:\\Users\\Lovely\\Desktop\\Angular\\OBS\\online-barter-system\\OBS-api\\vendor\\illuminate\\container\\Util.php(41): Illuminate\\Container\\BoundMethod::Illuminate\\Container\\{closure}()
#16 C:\\Users\\Lovely\\Desktop\\Angular\\OBS\\online-barter-system\\OBS-api\\vendor\\illuminate\\container\\BoundMethod.php(93): Illuminate\\Container\\Util::unwrapIfClosure(Object(Closure))
#17 C:\\Users\\Lovely\\Desktop\\Angular\\OBS\\online-barter-system\\OBS-api\\vendor\\illuminate\\container\\BoundMethod.php(35): Illuminate\\Container\\BoundMethod::callBoundMethod(Object(Laravel\\Lumen\\Application), Array, Object(Closure))
#18 C:\\Users\\Lovely\\Desktop\\Angular\\OBS\\online-barter-system\\OBS-api\\vendor\\illuminate\\container\\Container.php(662): Illuminate\\Container\\BoundMethod::call(Object(Laravel\\Lumen\\Application), Array, Array, NULL)
#19 C:\\Users\\Lovely\\Desktop\\Angular\\OBS\\online-barter-system\\OBS-api\\vendor\\illuminate\\console\\Command.php(211): Illuminate\\Container\\Container->call(Array)
#20 C:\\Users\\Lovely\\Desktop\\Angular\\OBS\\online-barter-system\\OBS-api\\vendor\\symfony\\console\\Command\\Command.php(326): Illuminate\\Console\\Command->execute(Object(Symfony\\Component\\Console\\Input\\ArgvInput), Object(Illuminate\\Console\\OutputStyle))
#21 C:\\Users\\Lovely\\Desktop\\Angular\\OBS\\online-barter-system\\OBS-api\\vendor\\illuminate\\console\\Command.php(180): Symfony\\Component\\Console\\Command\\Command->run(Object(Symfony\\Component\\Console\\Input\\ArgvInput), Object(Illuminate\\Console\\OutputStyle))
#22 C:\\Users\\Lovely\\Desktop\\Angular\\OBS\\online-barter-system\\OBS-api\\vendor\\symfony\\console\\Application.php(1078): Illuminate\\Console\\Command->run(Object(Symfony\\Component\\Console\\Input\\ArgvInput), Object(Symfony\\Component\\Console\\Output\\ConsoleOutput))
#23 C:\\Users\\Lovely\\Desktop\\Angular\\OBS\\online-barter-system\\OBS-api\\vendor\\symfony\\console\\Application.php(324): Symfony\\Component\\Console\\Application->doRunCommand(Object(Illuminate\\Database\\Console\\Migrations\\MigrateCommand), Object(Symfony\\Component\\Console\\Input\\ArgvInput), Object(Symfony\\Component\\Console\\Output\\ConsoleOutput))
#24 C:\\Users\\Lovely\\Desktop\\Angular\\OBS\\online-barter-system\\OBS-api\\vendor\\symfony\\console\\Application.php(175): Symfony\\Component\\Console\\Application->doRun(Object(Symfony\\Component\\Console\\Input\\ArgvInput), Object(Symfony\\Component\\Console\\Output\\ConsoleOutput))
#25 C:\\Users\\Lovely\\Desktop\\Angular\\OBS\\online-barter-system\\OBS-api\\vendor\\laravel\\lumen-framework\\src\\Console\\Kernel.php(160): Symfony\\Component\\Console\\Application->run(Object(Symfony\\Component\\Console\\Input\\ArgvInput), Object(Symfony\\Component\\Console\\Output\\ConsoleOutput))
#26 C:\\Users\\Lovely\\Desktop\\Angular\\OBS\\online-barter-system\\OBS-api\\artisan(35): Laravel\\Lumen\\Console\\Kernel->handle(Object(Symfony\\Component\\Console\\Input\\ArgvInput), Object(Symfony\\Component\\Console\\Output\\ConsoleOutput))
#27 {main}

[previous exception] [object] (PDOException(code: 1045): SQLSTATE[HY000] [1045] Access denied for user 'forge'@'localhost' (using password: NO) at C:\\Users\\Lovely\\Desktop\\Angular\\OBS\\online-barter-system\\OBS-api\\vendor\\illuminate\\database\\Connectors\\Connector.php:65)
[stacktrace]
#0 C:\\Users\\Lovely\\Desktop\\Angular\\OBS\\online-barter-system\\OBS-api\\vendor\\illuminate\\database\\Connectors\\Connector.php(65): PDO->__construct('mysql:host=127....', 'forge', Object(SensitiveParameterValue), Array)
#1 C:\\Users\\Lovely\\Desktop\\Angular\\OBS\\online-barter-system\\OBS-api\\vendor\\illuminate\\database\\Connectors\\Connector.php(44): Illuminate\\Database\\Connectors\\Connector->createPdoConnection('mysql:host=127....', 'forge', '', Array)
#2 C:\\Users\\Lovely\\Desktop\\Angular\\OBS\\online-barter-system\\OBS-api\\vendor\\illuminate\\database\\Connectors\\MySqlConnector.php(24): Illuminate\\Database\\Connectors\\Connector->createConnection('mysql:host=127....', Array, Array)
#3 C:\\Users\\Lovely\\Desktop\\Angular\\OBS\\online-barter-system\\OBS-api\\vendor\\illuminate\\database\\Connectors\\ConnectionFactory.php(184): Illuminate\\Database\\Connectors\\MySqlConnector->connect(Array)
#4 [internal function]: Illuminate\\Database\\Connectors\\ConnectionFactory->Illuminate\\Database\\Connectors\\{closure}()
#5 C:\\Users\\Lovely\\Desktop\\Angular\\OBS\\online-barter-system\\OBS-api\\vendor\\illuminate\\database\\Connection.php(1339): call_user_func(Object(Closure))
#6 C:\\Users\\Lovely\\Desktop\\Angular\\OBS\\online-barter-system\\OBS-api\\vendor\\illuminate\\database\\Connection.php(528): Illuminate\\Database\\Connection->getPdo()
#7 C:\\Users\\Lovely\\Desktop\\Angular\\OBS\\online-barter-system\\OBS-api\\vendor\\illuminate\\database\\Connection.php(423): Illuminate\\Database\\Connection->getPdoForSelect(false)
#8 C:\\Users\\Lovely\\Desktop\\Angular\\OBS\\online-barter-system\\OBS-api\\vendor\\illuminate\\database\\Connection.php(816): Illuminate\\Database\\Connection->Illuminate\\Database\\{closure}('select table_na...', Array)
#9 C:\\Users\\Lovely\\Desktop\\Angular\\OBS\\online-barter-system\\OBS-api\\vendor\\illuminate\\database\\Connection.php(783): Illuminate\\Database\\Connection->runQueryCallback('select table_na...', Array, Object(Closure))
#10 C:\\Users\\Lovely\\Desktop\\Angular\\OBS\\online-barter-system\\OBS-api\\vendor\\illuminate\\database\\Connection.php(414): Illuminate\\Database\\Connection->run('select table_na...', Array, Object(Closure))
#11 C:\\Users\\Lovely\\Desktop\\Angular\\OBS\\online-barter-system\\OBS-api\\vendor\\illuminate\\database\\Connection.php(401): Illuminate\\Database\\Connection->select('select table_na...', Array, false)
#12 C:\\Users\\Lovely\\Desktop\\Angular\\OBS\\online-barter-system\\OBS-api\\vendor\\illuminate\\database\\Schema\\MySqlBuilder.php(41): Illuminate\\Database\\Connection->selectFromWriteConnection('select table_na...')
#13 C:\\Users\\Lovely\\Desktop\\Angular\\OBS\\online-barter-system\\OBS-api\\vendor\\illuminate\\database\\Schema\\Builder.php(165): Illuminate\\Database\\Schema\\MySqlBuilder->getTables(false)
#14 C:\\Users\\Lovely\\Desktop\\Angular\\OBS\\online-barter-system\\OBS-api\\vendor\\illuminate\\database\\Migrations\\DatabaseMigrationRepository.php(184): Illuminate\\Database\\Schema\\Builder->hasTable('migrations')
#15 C:\\Users\\Lovely\\Desktop\\Angular\\OBS\\online-barter-system\\OBS-api\\vendor\\illuminate\\database\\Migrations\\Migrator.php(700): Illuminate\\Database\\Migrations\\DatabaseMigrationRepository->repositoryExists()
#16 C:\\Users\\Lovely\\Desktop\\Angular\\OBS\\online-barter-system\\OBS-api\\vendor\\illuminate\\database\\Console\\Migrations\\MigrateCommand.php(140): Illuminate\\Database\\Migrations\\Migrator->repositoryExists()
#17 C:\\Users\\Lovely\\Desktop\\Angular\\OBS\\online-barter-system\\OBS-api\\vendor\\illuminate\\support\\helpers.php(261): Illuminate\\Database\\Console\\Migrations\\MigrateCommand->Illuminate\\Database\\Console\\Migrations\\{closure}(1)
#18 C:\\Users\\Lovely\\Desktop\\Angular\\OBS\\online-barter-system\\OBS-api\\vendor\\illuminate\\database\\Console\\Migrations\\MigrateCommand.php(140): retry(1, Object(Closure), 0, Object(Closure))
#19 C:\\Users\\Lovely\\Desktop\\Angular\\OBS\\online-barter-system\\OBS-api\\vendor\\illuminate\\database\\Console\\Migrations\\MigrateCommand.php(116): Illuminate\\Database\\Console\\Migrations\\MigrateCommand->repositoryExists()
#20 C:\\Users\\Lovely\\Desktop\\Angular\\OBS\\online-barter-system\\OBS-api\\vendor\\illuminate\\database\\Console\\Migrations\\MigrateCommand.php(84): Illuminate\\Database\\Console\\Migrations\\MigrateCommand->prepareDatabase()
#21 C:\\Users\\Lovely\\Desktop\\Angular\\OBS\\online-barter-system\\OBS-api\\vendor\\illuminate\\database\\Migrations\\Migrator.php(633): Illuminate\\Database\\Console\\Migrations\\MigrateCommand->Illuminate\\Database\\Console\\Migrations\\{closure}()
#22 C:\\Users\\Lovely\\Desktop\\Angular\\OBS\\online-barter-system\\OBS-api\\vendor\\illuminate\\database\\Console\\Migrations\\MigrateCommand.php(83): Illuminate\\Database\\Migrations\\Migrator->usingConnection(NULL, Object(Closure))
#23 C:\\Users\\Lovely\\Desktop\\Angular\\OBS\\online-barter-system\\OBS-api\\vendor\\illuminate\\container\\BoundMethod.php(36): Illuminate\\Database\\Console\\Migrations\\MigrateCommand->handle()
#24 C:\\Users\\Lovely\\Desktop\\Angular\\OBS\\online-barter-system\\OBS-api\\vendor\\illuminate\\container\\Util.php(41): Illuminate\\Container\\BoundMethod::Illuminate\\Container\\{closure}()
#25 C:\\Users\\Lovely\\Desktop\\Angular\\OBS\\online-barter-system\\OBS-api\\vendor\\illuminate\\container\\BoundMethod.php(93): Illuminate\\Container\\Util::unwrapIfClosure(Object(Closure))
#26 C:\\Users\\Lovely\\Desktop\\Angular\\OBS\\online-barter-system\\OBS-api\\vendor\\illuminate\\container\\BoundMethod.php(35): Illuminate\\Container\\BoundMethod::callBoundMethod(Object(Laravel\\Lumen\\Application), Array, Object(Closure))
#27 C:\\Users\\Lovely\\Desktop\\Angular\\OBS\\online-barter-system\\OBS-api\\vendor\\illuminate\\container\\Container.php(662): Illuminate\\Container\\BoundMethod::call(Object(Laravel\\Lumen\\Application), Array, Array, NULL)
#28 C:\\Users\\Lovely\\Desktop\\Angular\\OBS\\online-barter-system\\OBS-api\\vendor\\illuminate\\console\\Command.php(211): Illuminate\\Container\\Container->call(Array)
#29 C:\\Users\\Lovely\\Desktop\\Angular\\OBS\\online-barter-system\\OBS-api\\vendor\\symfony\\console\\Command\\Command.php(326): Illuminate\\Console\\Command->execute(Object(Symfony\\Component\\Console\\Input\\ArgvInput), Object(Illuminate\\Console\\OutputStyle))
#30 C:\\Users\\Lovely\\Desktop\\Angular\\OBS\\online-barter-system\\OBS-api\\vendor\\illuminate\\console\\Command.php(180): Symfony\\Component\\Console\\Command\\Command->run(Object(Symfony\\Component\\Console\\Input\\ArgvInput), Object(Illuminate\\Console\\OutputStyle))
#31 C:\\Users\\Lovely\\Desktop\\Angular\\OBS\\online-barter-system\\OBS-api\\vendor\\symfony\\console\\Application.php(1078): Illuminate\\Console\\Command->run(Object(Symfony\\Component\\Console\\Input\\ArgvInput), Object(Symfony\\Component\\Console\\Output\\ConsoleOutput))
#32 C:\\Users\\Lovely\\Desktop\\Angular\\OBS\\online-barter-system\\OBS-api\\vendor\\symfony\\console\\Application.php(324): Symfony\\Component\\Console\\Application->doRunCommand(Object(Illuminate\\Database\\Console\\Migrations\\MigrateCommand), Object(Symfony\\Component\\Console\\Input\\ArgvInput), Object(Symfony\\Component\\Console\\Output\\ConsoleOutput))
#33 C:\\Users\\Lovely\\Desktop\\Angular\\OBS\\online-barter-system\\OBS-api\\vendor\\symfony\\console\\Application.php(175): Symfony\\Component\\Console\\Application->doRun(Object(Symfony\\Component\\Console\\Input\\ArgvInput), Object(Symfony\\Component\\Console\\Output\\ConsoleOutput))
#34 C:\\Users\\Lovely\\Desktop\\Angular\\OBS\\online-barter-system\\OBS-api\\vendor\\laravel\\lumen-framework\\src\\Console\\Kernel.php(160): Symfony\\Component\\Console\\Application->run(Object(Symfony\\Component\\Console\\Input\\ArgvInput), Object(Symfony\\Component\\Console\\Output\\ConsoleOutput))
#35 C:\\Users\\Lovely\\Desktop\\Angular\\OBS\\online-barter-system\\OBS-api\\artisan(35): Laravel\\Lumen\\Console\\Kernel->handle(Object(Symfony\\Component\\Console\\Input\\ArgvInput), Object(Symfony\\Component\\Console\\Output\\ConsoleOutput))
#36 {main}
"} 
[2025-03-30 11:00:41] local.ERROR: SQLSTATE[HY000] [2002] No connection could be made because the target machine actively refused it (Connection: mysql, SQL: select count(*) as aggregate from `users` where `username` = User1) {"exception":"[object] (Illuminate\\Database\\QueryException(code: 2002): SQLSTATE[HY000] [2002] No connection could be made because the target machine actively refused it (Connection: mysql, SQL: select count(*) as aggregate from `users` where `username` = User1) at C:\\Users\\Lovely\\Desktop\\Angular\\OBS\\online-barter-system\\OBS-api\\vendor\\illuminate\\database\\Connection.php:829)
[stacktrace]
#0 C:\\Users\\Lovely\\Desktop\\Angular\\OBS\\online-barter-system\\OBS-api\\vendor\\illuminate\\database\\Connection.php(983): Illuminate\\Database\\Connection->runQueryCallback('select count(*)...', Array, Object(Closure))
#1 C:\\Users\\Lovely\\Desktop\\Angular\\OBS\\online-barter-system\\OBS-api\\vendor\\illuminate\\database\\Connection.php(962): Illuminate\\Database\\Connection->tryAgainIfCausedByLostConnection(Object(Illuminate\\Database\\QueryException), 'select count(*)...', Array, Object(Closure))
#2 C:\\Users\\Lovely\\Desktop\\Angular\\OBS\\online-barter-system\\OBS-api\\vendor\\illuminate\\database\\Connection.php(785): Illuminate\\Database\\Connection->handleQueryException(Object(Illuminate\\Database\\QueryException), 'select count(*)...', Array, Object(Closure))
#3 C:\\Users\\Lovely\\Desktop\\Angular\\OBS\\online-barter-system\\OBS-api\\vendor\\illuminate\\database\\Connection.php(414): Illuminate\\Database\\Connection->run('select count(*)...', Array, Object(Closure))
#4 C:\\Users\\Lovely\\Desktop\\Angular\\OBS\\online-barter-system\\OBS-api\\vendor\\illuminate\\database\\Query\\Builder.php(2913): Illuminate\\Database\\Connection->select('select count(*)...', Array, false)
#5 C:\\Users\\Lovely\\Desktop\\Angular\\OBS\\online-barter-system\\OBS-api\\vendor\\illuminate\\database\\Query\\Builder.php(2902): Illuminate\\Database\\Query\\Builder->runSelect()
#6 C:\\Users\\Lovely\\Desktop\\Angular\\OBS\\online-barter-system\\OBS-api\\vendor\\illuminate\\database\\Query\\Builder.php(3456): Illuminate\\Database\\Query\\Builder->Illuminate\\Database\\Query\\{closure}()
#7 C:\\Users\\Lovely\\Desktop\\Angular\\OBS\\online-barter-system\\OBS-api\\vendor\\illuminate\\database\\Query\\Builder.php(2901): Illuminate\\Database\\Query\\Builder->onceWithColumns(Array, Object(Closure))
#8 C:\\Users\\Lovely\\Desktop\\Angular\\OBS\\online-barter-system\\OBS-api\\vendor\\illuminate\\database\\Query\\Builder.php(3383): Illuminate\\Database\\Query\\Builder->get(Array)
#9 C:\\Users\\Lovely\\Desktop\\Angular\\OBS\\online-barter-system\\OBS-api\\vendor\\illuminate\\database\\Query\\Builder.php(3311): Illuminate\\Database\\Query\\Builder->aggregate('count', Array)
#10 C:\\Users\\Lovely\\Desktop\\Angular\\OBS\\online-barter-system\\OBS-api\\vendor\\illuminate\\validation\\DatabasePresenceVerifier.php(54): Illuminate\\Database\\Query\\Builder->count()
#11 C:\\Users\\Lovely\\Desktop\\Angular\\OBS\\online-barter-system\\OBS-api\\vendor\\illuminate\\validation\\Concerns\\ValidatesAttributes.php(948): Illuminate\\Validation\\DatabasePresenceVerifier->getCount('users', 'username', 'User1', NULL, NULL, Array)
#12 C:\\Users\\Lovely\\Desktop\\Angular\\OBS\\online-barter-system\\OBS-api\\vendor\\illuminate\\validation\\Validator.php(658): Illuminate\\Validation\\Validator->validateUnique('username', 'User1', Array, Object(Illuminate\\Validation\\Validator))
#13 C:\\Users\\Lovely\\Desktop\\Angular\\OBS\\online-barter-system\\OBS-api\\vendor\\illuminate\\validation\\Validator.php(457): Illuminate\\Validation\\Validator->validateAttribute('username', 'Unique')
#14 C:\\Users\\Lovely\\Desktop\\Angular\\OBS\\online-barter-system\\OBS-api\\vendor\\illuminate\\validation\\Validator.php(492): Illuminate\\Validation\\Validator->passes()
#15 C:\\Users\\Lovely\\Desktop\\Angular\\OBS\\online-barter-system\\OBS-api\\app\\Http\\Controllers\\UsersController.php(21): Illuminate\\Validation\\Validator->fails()
#16 C:\\Users\\Lovely\\Desktop\\Angular\\OBS\\online-barter-system\\OBS-api\\vendor\\illuminate\\container\\BoundMethod.php(36): App\\Http\\Controllers\\UsersController->userSignup(Object(Laravel\\Lumen\\Http\\Request))
#17 C:\\Users\\Lovely\\Desktop\\Angular\\OBS\\online-barter-system\\OBS-api\\vendor\\illuminate\\container\\Util.php(41): Illuminate\\Container\\BoundMethod::Illuminate\\Container\\{closure}()
#18 C:\\Users\\Lovely\\Desktop\\Angular\\OBS\\online-barter-system\\OBS-api\\vendor\\illuminate\\container\\BoundMethod.php(93): Illuminate\\Container\\Util::unwrapIfClosure(Object(Closure))
#19 C:\\Users\\Lovely\\Desktop\\Angular\\OBS\\online-barter-system\\OBS-api\\vendor\\illuminate\\container\\BoundMethod.php(35): Illuminate\\Container\\BoundMethod::callBoundMethod(Object(Laravel\\Lumen\\Application), Array, Object(Closure))
#20 C:\\Users\\Lovely\\Desktop\\Angular\\OBS\\online-barter-system\\OBS-api\\vendor\\illuminate\\container\\Container.php(662): Illuminate\\Container\\BoundMethod::call(Object(Laravel\\Lumen\\Application), Array, Array, NULL)
#21 C:\\Users\\Lovely\\Desktop\\Angular\\OBS\\online-barter-system\\OBS-api\\vendor\\laravel\\lumen-framework\\src\\Concerns\\RoutesRequests.php(391): Illuminate\\Container\\Container->call(Array, Array)
#22 C:\\Users\\Lovely\\Desktop\\Angular\\OBS\\online-barter-system\\OBS-api\\vendor\\laravel\\lumen-framework\\src\\Concerns\\RoutesRequests.php(356): Laravel\\Lumen\\Application->callControllerCallable(Array, Array)
#23 C:\\Users\\Lovely\\Desktop\\Angular\\OBS\\online-barter-system\\OBS-api\\vendor\\laravel\\lumen-framework\\src\\Concerns\\RoutesRequests.php(331): Laravel\\Lumen\\Application->callLumenController(Object(App\\Http\\Controllers\\UsersController), 'userSignup', Array)
#24 C:\\Users\\Lovely\\Desktop\\Angular\\OBS\\online-barter-system\\OBS-api\\vendor\\laravel\\lumen-framework\\src\\Concerns\\RoutesRequests.php(284): Laravel\\Lumen\\Application->callControllerAction(Array)
#25 C:\\Users\\Lovely\\Desktop\\Angular\\OBS\\online-barter-system\\OBS-api\\vendor\\laravel\\lumen-framework\\src\\Concerns\\RoutesRequests.php(269): Laravel\\Lumen\\Application->callActionOnArrayBasedRoute(Array)
#26 C:\\Users\\Lovely\\Desktop\\Angular\\OBS\\online-barter-system\\OBS-api\\vendor\\laravel\\lumen-framework\\src\\Concerns\\RoutesRequests.php(171): Laravel\\Lumen\\Application->handleFoundRoute(Array)
#27 C:\\Users\\Lovely\\Desktop\\Angular\\OBS\\online-barter-system\\OBS-api\\vendor\\laravel\\lumen-framework\\src\\Routing\\Pipeline.php(48): Laravel\\Lumen\\Application->Laravel\\Lumen\\Concerns\\{closure}(Object(Laravel\\Lumen\\Http\\Request))
#28 C:\\Users\\Lovely\\Desktop\\Angular\\OBS\\online-barter-system\\OBS-api\\app\\Http\\Middleware\\CorsMiddleware.php(11): Laravel\\Lumen\\Routing\\Pipeline->Laravel\\Lumen\\Routing\\{closure}(Object(Laravel\\Lumen\\Http\\Request))
#29 C:\\Users\\Lovely\\Desktop\\Angular\\OBS\\online-barter-system\\OBS-api\\vendor\\illuminate\\pipeline\\Pipeline.php(183): App\\Http\\Middleware\\CorsMiddleware->handle(Object(Laravel\\Lumen\\Http\\Request), Object(Closure))
#30 C:\\Users\\Lovely\\Desktop\\Angular\\OBS\\online-barter-system\\OBS-api\\vendor\\laravel\\lumen-framework\\src\\Routing\\Pipeline.php(30): Illuminate\\Pipeline\\Pipeline->Illuminate\\Pipeline\\{closure}(Object(Laravel\\Lumen\\Http\\Request))
#31 C:\\Users\\Lovely\\Desktop\\Angular\\OBS\\online-barter-system\\OBS-api\\vendor\\illuminate\\pipeline\\Pipeline.php(119): Laravel\\Lumen\\Routing\\Pipeline->Laravel\\Lumen\\Routing\\{closure}(Object(Laravel\\Lumen\\Http\\Request))
#32 C:\\Users\\Lovely\\Desktop\\Angular\\OBS\\online-barter-system\\OBS-api\\vendor\\laravel\\lumen-framework\\src\\Concerns\\RoutesRequests.php(428): Illuminate\\Pipeline\\Pipeline->then(Object(Closure))
#33 C:\\Users\\Lovely\\Desktop\\Angular\\OBS\\online-barter-system\\OBS-api\\vendor\\laravel\\lumen-framework\\src\\Concerns\\RoutesRequests.php(167): Laravel\\Lumen\\Application->sendThroughPipeline(Array, Object(Closure))
#34 C:\\Users\\Lovely\\Desktop\\Angular\\OBS\\online-barter-system\\OBS-api\\vendor\\laravel\\lumen-framework\\src\\Concerns\\RoutesRequests.php(112): Laravel\\Lumen\\Application->dispatch(NULL)
#35 C:\\Users\\Lovely\\Desktop\\Angular\\OBS\\online-barter-system\\OBS-api\\public\\index.php(28): Laravel\\Lumen\\Application->run()
#36 {main}

[previous exception] [object] (PDOException(code: 2002): SQLSTATE[HY000] [2002] No connection could be made because the target machine actively refused it at C:\\Users\\Lovely\\Desktop\\Angular\\OBS\\online-barter-system\\OBS-api\\vendor\\illuminate\\database\\Connectors\\Connector.php:65)
[stacktrace]
#0 C:\\Users\\Lovely\\Desktop\\Angular\\OBS\\online-barter-system\\OBS-api\\vendor\\illuminate\\database\\Connectors\\Connector.php(65): PDO->__construct('mysql:host=127....', 'root', Object(SensitiveParameterValue), Array)
#1 C:\\Users\\Lovely\\Desktop\\Angular\\OBS\\online-barter-system\\OBS-api\\vendor\\illuminate\\database\\Connectors\\Connector.php(83): Illuminate\\Database\\Connectors\\Connector->createPdoConnection('mysql:host=127....', 'root', '', Array)
#2 C:\\Users\\Lovely\\Desktop\\Angular\\OBS\\online-barter-system\\OBS-api\\vendor\\illuminate\\database\\Connectors\\Connector.php(48): Illuminate\\Database\\Connectors\\Connector->tryAgainIfCausedByLostConnection(Object(PDOException), 'mysql:host=127....', 'root', '', Array)
#3 C:\\Users\\Lovely\\Desktop\\Angular\\OBS\\online-barter-system\\OBS-api\\vendor\\illuminate\\database\\Connectors\\MySqlConnector.php(24): Illuminate\\Database\\Connectors\\Connector->createConnection('mysql:host=127....', Array, Array)
#4 C:\\Users\\Lovely\\Desktop\\Angular\\OBS\\online-barter-system\\OBS-api\\vendor\\illuminate\\database\\Connectors\\ConnectionFactory.php(184): Illuminate\\Database\\Connectors\\MySqlConnector->connect(Array)
#5 [internal function]: Illuminate\\Database\\Connectors\\ConnectionFactory->Illuminate\\Database\\Connectors\\{closure}()
#6 C:\\Users\\Lovely\\Desktop\\Angular\\OBS\\online-barter-system\\OBS-api\\vendor\\illuminate\\database\\Connection.php(1339): call_user_func(Object(Closure))
#7 C:\\Users\\Lovely\\Desktop\\Angular\\OBS\\online-barter-system\\OBS-api\\vendor\\illuminate\\database\\Connection.php(528): Illuminate\\Database\\Connection->getPdo()
#8 C:\\Users\\Lovely\\Desktop\\Angular\\OBS\\online-barter-system\\OBS-api\\vendor\\illuminate\\database\\Connection.php(423): Illuminate\\Database\\Connection->getPdoForSelect(false)
#9 C:\\Users\\Lovely\\Desktop\\Angular\\OBS\\online-barter-system\\OBS-api\\vendor\\illuminate\\database\\Connection.php(816): Illuminate\\Database\\Connection->Illuminate\\Database\\{closure}('select count(*)...', Array)
#10 C:\\Users\\Lovely\\Desktop\\Angular\\OBS\\online-barter-system\\OBS-api\\vendor\\illuminate\\database\\Connection.php(983): Illuminate\\Database\\Connection->runQueryCallback('select count(*)...', Array, Object(Closure))
#11 C:\\Users\\Lovely\\Desktop\\Angular\\OBS\\online-barter-system\\OBS-api\\vendor\\illuminate\\database\\Connection.php(962): Illuminate\\Database\\Connection->tryAgainIfCausedByLostConnection(Object(Illuminate\\Database\\QueryException), 'select count(*)...', Array, Object(Closure))
#12 C:\\Users\\Lovely\\Desktop\\Angular\\OBS\\online-barter-system\\OBS-api\\vendor\\illuminate\\database\\Connection.php(785): Illuminate\\Database\\Connection->handleQueryException(Object(Illuminate\\Database\\QueryException), 'select count(*)...', Array, Object(Closure))
#13 C:\\Users\\Lovely\\Desktop\\Angular\\OBS\\online-barter-system\\OBS-api\\vendor\\illuminate\\database\\Connection.php(414): Illuminate\\Database\\Connection->run('select count(*)...', Array, Object(Closure))
#14 C:\\Users\\Lovely\\Desktop\\Angular\\OBS\\online-barter-system\\OBS-api\\vendor\\illuminate\\database\\Query\\Builder.php(2913): Illuminate\\Database\\Connection->select('select count(*)...', Array, false)
#15 C:\\Users\\Lovely\\Desktop\\Angular\\OBS\\online-barter-system\\OBS-api\\vendor\\illuminate\\database\\Query\\Builder.php(2902): Illuminate\\Database\\Query\\Builder->runSelect()
#16 C:\\Users\\Lovely\\Desktop\\Angular\\OBS\\online-barter-system\\OBS-api\\vendor\\illuminate\\database\\Query\\Builder.php(3456): Illuminate\\Database\\Query\\Builder->Illuminate\\Database\\Query\\{closure}()
#17 C:\\Users\\Lovely\\Desktop\\Angular\\OBS\\online-barter-system\\OBS-api\\vendor\\illuminate\\database\\Query\\Builder.php(2901): Illuminate\\Database\\Query\\Builder->onceWithColumns(Array, Object(Closure))
#18 C:\\Users\\Lovely\\Desktop\\Angular\\OBS\\online-barter-system\\OBS-api\\vendor\\illuminate\\database\\Query\\Builder.php(3383): Illuminate\\Database\\Query\\Builder->get(Array)
#19 C:\\Users\\Lovely\\Desktop\\Angular\\OBS\\online-barter-system\\OBS-api\\vendor\\illuminate\\database\\Query\\Builder.php(3311): Illuminate\\Database\\Query\\Builder->aggregate('count', Array)
#20 C:\\Users\\Lovely\\Desktop\\Angular\\OBS\\online-barter-system\\OBS-api\\vendor\\illuminate\\validation\\DatabasePresenceVerifier.php(54): Illuminate\\Database\\Query\\Builder->count()
#21 C:\\Users\\Lovely\\Desktop\\Angular\\OBS\\online-barter-system\\OBS-api\\vendor\\illuminate\\validation\\Concerns\\ValidatesAttributes.php(948): Illuminate\\Validation\\DatabasePresenceVerifier->getCount('users', 'username', 'User1', NULL, NULL, Array)
#22 C:\\Users\\Lovely\\Desktop\\Angular\\OBS\\online-barter-system\\OBS-api\\vendor\\illuminate\\validation\\Validator.php(658): Illuminate\\Validation\\Validator->validateUnique('username', 'User1', Array, Object(Illuminate\\Validation\\Validator))
#23 C:\\Users\\Lovely\\Desktop\\Angular\\OBS\\online-barter-system\\OBS-api\\vendor\\illuminate\\validation\\Validator.php(457): Illuminate\\Validation\\Validator->validateAttribute('username', 'Unique')
#24 C:\\Users\\Lovely\\Desktop\\Angular\\OBS\\online-barter-system\\OBS-api\\vendor\\illuminate\\validation\\Validator.php(492): Illuminate\\Validation\\Validator->passes()
#25 C:\\Users\\Lovely\\Desktop\\Angular\\OBS\\online-barter-system\\OBS-api\\app\\Http\\Controllers\\UsersController.php(21): Illuminate\\Validation\\Validator->fails()
#26 C:\\Users\\Lovely\\Desktop\\Angular\\OBS\\online-barter-system\\OBS-api\\vendor\\illuminate\\container\\BoundMethod.php(36): App\\Http\\Controllers\\UsersController->userSignup(Object(Laravel\\Lumen\\Http\\Request))
#27 C:\\Users\\Lovely\\Desktop\\Angular\\OBS\\online-barter-system\\OBS-api\\vendor\\illuminate\\container\\Util.php(41): Illuminate\\Container\\BoundMethod::Illuminate\\Container\\{closure}()
#28 C:\\Users\\Lovely\\Desktop\\Angular\\OBS\\online-barter-system\\OBS-api\\vendor\\illuminate\\container\\BoundMethod.php(93): Illuminate\\Container\\Util::unwrapIfClosure(Object(Closure))
#29 C:\\Users\\Lovely\\Desktop\\Angular\\OBS\\online-barter-system\\OBS-api\\vendor\\illuminate\\container\\BoundMethod.php(35): Illuminate\\Container\\BoundMethod::callBoundMethod(Object(Laravel\\Lumen\\Application), Array, Object(Closure))
#30 C:\\Users\\Lovely\\Desktop\\Angular\\OBS\\online-barter-system\\OBS-api\\vendor\\illuminate\\container\\Container.php(662): Illuminate\\Container\\BoundMethod::call(Object(Laravel\\Lumen\\Application), Array, Array, NULL)
#31 C:\\Users\\Lovely\\Desktop\\Angular\\OBS\\online-barter-system\\OBS-api\\vendor\\laravel\\lumen-framework\\src\\Concerns\\RoutesRequests.php(391): Illuminate\\Container\\Container->call(Array, Array)
#32 C:\\Users\\Lovely\\Desktop\\Angular\\OBS\\online-barter-system\\OBS-api\\vendor\\laravel\\lumen-framework\\src\\Concerns\\RoutesRequests.php(356): Laravel\\Lumen\\Application->callControllerCallable(Array, Array)
#33 C:\\Users\\Lovely\\Desktop\\Angular\\OBS\\online-barter-system\\OBS-api\\vendor\\laravel\\lumen-framework\\src\\Concerns\\RoutesRequests.php(331): Laravel\\Lumen\\Application->callLumenController(Object(App\\Http\\Controllers\\UsersController), 'userSignup', Array)
#34 C:\\Users\\Lovely\\Desktop\\Angular\\OBS\\online-barter-system\\OBS-api\\vendor\\laravel\\lumen-framework\\src\\Concerns\\RoutesRequests.php(284): Laravel\\Lumen\\Application->callControllerAction(Array)
#35 C:\\Users\\Lovely\\Desktop\\Angular\\OBS\\online-barter-system\\OBS-api\\vendor\\laravel\\lumen-framework\\src\\Concerns\\RoutesRequests.php(269): Laravel\\Lumen\\Application->callActionOnArrayBasedRoute(Array)
#36 C:\\Users\\Lovely\\Desktop\\Angular\\OBS\\online-barter-system\\OBS-api\\vendor\\laravel\\lumen-framework\\src\\Concerns\\RoutesRequests.php(171): Laravel\\Lumen\\Application->handleFoundRoute(Array)
#37 C:\\Users\\Lovely\\Desktop\\Angular\\OBS\\online-barter-system\\OBS-api\\vendor\\laravel\\lumen-framework\\src\\Routing\\Pipeline.php(48): Laravel\\Lumen\\Application->Laravel\\Lumen\\Concerns\\{closure}(Object(Laravel\\Lumen\\Http\\Request))
#38 C:\\Users\\Lovely\\Desktop\\Angular\\OBS\\online-barter-system\\OBS-api\\app\\Http\\Middleware\\CorsMiddleware.php(11): Laravel\\Lumen\\Routing\\Pipeline->Laravel\\Lumen\\Routing\\{closure}(Object(Laravel\\Lumen\\Http\\Request))
#39 C:\\Users\\Lovely\\Desktop\\Angular\\OBS\\online-barter-system\\OBS-api\\vendor\\illuminate\\pipeline\\Pipeline.php(183): App\\Http\\Middleware\\CorsMiddleware->handle(Object(Laravel\\Lumen\\Http\\Request), Object(Closure))
#40 C:\\Users\\Lovely\\Desktop\\Angular\\OBS\\online-barter-system\\OBS-api\\vendor\\laravel\\lumen-framework\\src\\Routing\\Pipeline.php(30): Illuminate\\Pipeline\\Pipeline->Illuminate\\Pipeline\\{closure}(Object(Laravel\\Lumen\\Http\\Request))
#41 C:\\Users\\Lovely\\Desktop\\Angular\\OBS\\online-barter-system\\OBS-api\\vendor\\illuminate\\pipeline\\Pipeline.php(119): Laravel\\Lumen\\Routing\\Pipeline->Laravel\\Lumen\\Routing\\{closure}(Object(Laravel\\Lumen\\Http\\Request))
#42 C:\\Users\\Lovely\\Desktop\\Angular\\OBS\\online-barter-system\\OBS-api\\vendor\\laravel\\lumen-framework\\src\\Concerns\\RoutesRequests.php(428): Illuminate\\Pipeline\\Pipeline->then(Object(Closure))
#43 C:\\Users\\Lovely\\Desktop\\Angular\\OBS\\online-barter-system\\OBS-api\\vendor\\laravel\\lumen-framework\\src\\Concerns\\RoutesRequests.php(167): Laravel\\Lumen\\Application->sendThroughPipeline(Array, Object(Closure))
#44 C:\\Users\\Lovely\\Desktop\\Angular\\OBS\\online-barter-system\\OBS-api\\vendor\\laravel\\lumen-framework\\src\\Concerns\\RoutesRequests.php(112): Laravel\\Lumen\\Application->dispatch(NULL)
#45 C:\\Users\\Lovely\\Desktop\\Angular\\OBS\\online-barter-system\\OBS-api\\public\\index.php(28): Laravel\\Lumen\\Application->run()
#46 {main}
"} 
[2025-03-30 11:00:49] local.ERROR: SQLSTATE[HY000] [2002] No connection could be made because the target machine actively refused it (Connection: mysql, SQL: select count(*) as aggregate from `users` where `username` = User1) {"exception":"[object] (Illuminate\\Database\\QueryException(code: 2002): SQLSTATE[HY000] [2002] No connection could be made because the target machine actively refused it (Connection: mysql, SQL: select count(*) as aggregate from `users` where `username` = User1) at C:\\Users\\Lovely\\Desktop\\Angular\\OBS\\online-barter-system\\OBS-api\\vendor\\illuminate\\database\\Connection.php:829)
[stacktrace]
#0 C:\\Users\\Lovely\\Desktop\\Angular\\OBS\\online-barter-system\\OBS-api\\vendor\\illuminate\\database\\Connection.php(983): Illuminate\\Database\\Connection->runQueryCallback('select count(*)...', Array, Object(Closure))
#1 C:\\Users\\Lovely\\Desktop\\Angular\\OBS\\online-barter-system\\OBS-api\\vendor\\illuminate\\database\\Connection.php(962): Illuminate\\Database\\Connection->tryAgainIfCausedByLostConnection(Object(Illuminate\\Database\\QueryException), 'select count(*)...', Array, Object(Closure))
#2 C:\\Users\\Lovely\\Desktop\\Angular\\OBS\\online-barter-system\\OBS-api\\vendor\\illuminate\\database\\Connection.php(785): Illuminate\\Database\\Connection->handleQueryException(Object(Illuminate\\Database\\QueryException), 'select count(*)...', Array, Object(Closure))
#3 C:\\Users\\Lovely\\Desktop\\Angular\\OBS\\online-barter-system\\OBS-api\\vendor\\illuminate\\database\\Connection.php(414): Illuminate\\Database\\Connection->run('select count(*)...', Array, Object(Closure))
#4 C:\\Users\\Lovely\\Desktop\\Angular\\OBS\\online-barter-system\\OBS-api\\vendor\\illuminate\\database\\Query\\Builder.php(2913): Illuminate\\Database\\Connection->select('select count(*)...', Array, false)
#5 C:\\Users\\Lovely\\Desktop\\Angular\\OBS\\online-barter-system\\OBS-api\\vendor\\illuminate\\database\\Query\\Builder.php(2902): Illuminate\\Database\\Query\\Builder->runSelect()
#6 C:\\Users\\Lovely\\Desktop\\Angular\\OBS\\online-barter-system\\OBS-api\\vendor\\illuminate\\database\\Query\\Builder.php(3456): Illuminate\\Database\\Query\\Builder->Illuminate\\Database\\Query\\{closure}()
#7 C:\\Users\\Lovely\\Desktop\\Angular\\OBS\\online-barter-system\\OBS-api\\vendor\\illuminate\\database\\Query\\Builder.php(2901): Illuminate\\Database\\Query\\Builder->onceWithColumns(Array, Object(Closure))
#8 C:\\Users\\Lovely\\Desktop\\Angular\\OBS\\online-barter-system\\OBS-api\\vendor\\illuminate\\database\\Query\\Builder.php(3383): Illuminate\\Database\\Query\\Builder->get(Array)
#9 C:\\Users\\Lovely\\Desktop\\Angular\\OBS\\online-barter-system\\OBS-api\\vendor\\illuminate\\database\\Query\\Builder.php(3311): Illuminate\\Database\\Query\\Builder->aggregate('count', Array)
#10 C:\\Users\\Lovely\\Desktop\\Angular\\OBS\\online-barter-system\\OBS-api\\vendor\\illuminate\\validation\\DatabasePresenceVerifier.php(54): Illuminate\\Database\\Query\\Builder->count()
#11 C:\\Users\\Lovely\\Desktop\\Angular\\OBS\\online-barter-system\\OBS-api\\vendor\\illuminate\\validation\\Concerns\\ValidatesAttributes.php(948): Illuminate\\Validation\\DatabasePresenceVerifier->getCount('users', 'username', 'User1', NULL, NULL, Array)
#12 C:\\Users\\Lovely\\Desktop\\Angular\\OBS\\online-barter-system\\OBS-api\\vendor\\illuminate\\validation\\Validator.php(658): Illuminate\\Validation\\Validator->validateUnique('username', 'User1', Array, Object(Illuminate\\Validation\\Validator))
#13 C:\\Users\\Lovely\\Desktop\\Angular\\OBS\\online-barter-system\\OBS-api\\vendor\\illuminate\\validation\\Validator.php(457): Illuminate\\Validation\\Validator->validateAttribute('username', 'Unique')
#14 C:\\Users\\Lovely\\Desktop\\Angular\\OBS\\online-barter-system\\OBS-api\\vendor\\illuminate\\validation\\Validator.php(492): Illuminate\\Validation\\Validator->passes()
#15 C:\\Users\\Lovely\\Desktop\\Angular\\OBS\\online-barter-system\\OBS-api\\app\\Http\\Controllers\\UsersController.php(21): Illuminate\\Validation\\Validator->fails()
#16 C:\\Users\\Lovely\\Desktop\\Angular\\OBS\\online-barter-system\\OBS-api\\vendor\\illuminate\\container\\BoundMethod.php(36): App\\Http\\Controllers\\UsersController->userSignup(Object(Laravel\\Lumen\\Http\\Request))
#17 C:\\Users\\Lovely\\Desktop\\Angular\\OBS\\online-barter-system\\OBS-api\\vendor\\illuminate\\container\\Util.php(41): Illuminate\\Container\\BoundMethod::Illuminate\\Container\\{closure}()
#18 C:\\Users\\Lovely\\Desktop\\Angular\\OBS\\online-barter-system\\OBS-api\\vendor\\illuminate\\container\\BoundMethod.php(93): Illuminate\\Container\\Util::unwrapIfClosure(Object(Closure))
#19 C:\\Users\\Lovely\\Desktop\\Angular\\OBS\\online-barter-system\\OBS-api\\vendor\\illuminate\\container\\BoundMethod.php(35): Illuminate\\Container\\BoundMethod::callBoundMethod(Object(Laravel\\Lumen\\Application), Array, Object(Closure))
#20 C:\\Users\\Lovely\\Desktop\\Angular\\OBS\\online-barter-system\\OBS-api\\vendor\\illuminate\\container\\Container.php(662): Illuminate\\Container\\BoundMethod::call(Object(Laravel\\Lumen\\Application), Array, Array, NULL)
#21 C:\\Users\\Lovely\\Desktop\\Angular\\OBS\\online-barter-system\\OBS-api\\vendor\\laravel\\lumen-framework\\src\\Concerns\\RoutesRequests.php(391): Illuminate\\Container\\Container->call(Array, Array)
#22 C:\\Users\\Lovely\\Desktop\\Angular\\OBS\\online-barter-system\\OBS-api\\vendor\\laravel\\lumen-framework\\src\\Concerns\\RoutesRequests.php(356): Laravel\\Lumen\\Application->callControllerCallable(Array, Array)
#23 C:\\Users\\Lovely\\Desktop\\Angular\\OBS\\online-barter-system\\OBS-api\\vendor\\laravel\\lumen-framework\\src\\Concerns\\RoutesRequests.php(331): Laravel\\Lumen\\Application->callLumenController(Object(App\\Http\\Controllers\\UsersController), 'userSignup', Array)
#24 C:\\Users\\Lovely\\Desktop\\Angular\\OBS\\online-barter-system\\OBS-api\\vendor\\laravel\\lumen-framework\\src\\Concerns\\RoutesRequests.php(284): Laravel\\Lumen\\Application->callControllerAction(Array)
#25 C:\\Users\\Lovely\\Desktop\\Angular\\OBS\\online-barter-system\\OBS-api\\vendor\\laravel\\lumen-framework\\src\\Concerns\\RoutesRequests.php(269): Laravel\\Lumen\\Application->callActionOnArrayBasedRoute(Array)
#26 C:\\Users\\Lovely\\Desktop\\Angular\\OBS\\online-barter-system\\OBS-api\\vendor\\laravel\\lumen-framework\\src\\Concerns\\RoutesRequests.php(171): Laravel\\Lumen\\Application->handleFoundRoute(Array)
#27 C:\\Users\\Lovely\\Desktop\\Angular\\OBS\\online-barter-system\\OBS-api\\vendor\\laravel\\lumen-framework\\src\\Routing\\Pipeline.php(48): Laravel\\Lumen\\Application->Laravel\\Lumen\\Concerns\\{closure}(Object(Laravel\\Lumen\\Http\\Request))
#28 C:\\Users\\Lovely\\Desktop\\Angular\\OBS\\online-barter-system\\OBS-api\\app\\Http\\Middleware\\CorsMiddleware.php(11): Laravel\\Lumen\\Routing\\Pipeline->Laravel\\Lumen\\Routing\\{closure}(Object(Laravel\\Lumen\\Http\\Request))
#29 C:\\Users\\Lovely\\Desktop\\Angular\\OBS\\online-barter-system\\OBS-api\\vendor\\illuminate\\pipeline\\Pipeline.php(183): App\\Http\\Middleware\\CorsMiddleware->handle(Object(Laravel\\Lumen\\Http\\Request), Object(Closure))
#30 C:\\Users\\Lovely\\Desktop\\Angular\\OBS\\online-barter-system\\OBS-api\\vendor\\laravel\\lumen-framework\\src\\Routing\\Pipeline.php(30): Illuminate\\Pipeline\\Pipeline->Illuminate\\Pipeline\\{closure}(Object(Laravel\\Lumen\\Http\\Request))
#31 C:\\Users\\Lovely\\Desktop\\Angular\\OBS\\online-barter-system\\OBS-api\\vendor\\illuminate\\pipeline\\Pipeline.php(119): Laravel\\Lumen\\Routing\\Pipeline->Laravel\\Lumen\\Routing\\{closure}(Object(Laravel\\Lumen\\Http\\Request))
#32 C:\\Users\\Lovely\\Desktop\\Angular\\OBS\\online-barter-system\\OBS-api\\vendor\\laravel\\lumen-framework\\src\\Concerns\\RoutesRequests.php(428): Illuminate\\Pipeline\\Pipeline->then(Object(Closure))
#33 C:\\Users\\Lovely\\Desktop\\Angular\\OBS\\online-barter-system\\OBS-api\\vendor\\laravel\\lumen-framework\\src\\Concerns\\RoutesRequests.php(167): Laravel\\Lumen\\Application->sendThroughPipeline(Array, Object(Closure))
#34 C:\\Users\\Lovely\\Desktop\\Angular\\OBS\\online-barter-system\\OBS-api\\vendor\\laravel\\lumen-framework\\src\\Concerns\\RoutesRequests.php(112): Laravel\\Lumen\\Application->dispatch(NULL)
#35 C:\\Users\\Lovely\\Desktop\\Angular\\OBS\\online-barter-system\\OBS-api\\public\\index.php(28): Laravel\\Lumen\\Application->run()
#36 {main}

[previous exception] [object] (PDOException(code: 2002): SQLSTATE[HY000] [2002] No connection could be made because the target machine actively refused it at C:\\Users\\Lovely\\Desktop\\Angular\\OBS\\online-barter-system\\OBS-api\\vendor\\illuminate\\database\\Connectors\\Connector.php:65)
[stacktrace]
#0 C:\\Users\\Lovely\\Desktop\\Angular\\OBS\\online-barter-system\\OBS-api\\vendor\\illuminate\\database\\Connectors\\Connector.php(65): PDO->__construct('mysql:host=127....', 'root', Object(SensitiveParameterValue), Array)
#1 C:\\Users\\Lovely\\Desktop\\Angular\\OBS\\online-barter-system\\OBS-api\\vendor\\illuminate\\database\\Connectors\\Connector.php(83): Illuminate\\Database\\Connectors\\Connector->createPdoConnection('mysql:host=127....', 'root', '', Array)
#2 C:\\Users\\Lovely\\Desktop\\Angular\\OBS\\online-barter-system\\OBS-api\\vendor\\illuminate\\database\\Connectors\\Connector.php(48): Illuminate\\Database\\Connectors\\Connector->tryAgainIfCausedByLostConnection(Object(PDOException), 'mysql:host=127....', 'root', '', Array)
#3 C:\\Users\\Lovely\\Desktop\\Angular\\OBS\\online-barter-system\\OBS-api\\vendor\\illuminate\\database\\Connectors\\MySqlConnector.php(24): Illuminate\\Database\\Connectors\\Connector->createConnection('mysql:host=127....', Array, Array)
#4 C:\\Users\\Lovely\\Desktop\\Angular\\OBS\\online-barter-system\\OBS-api\\vendor\\illuminate\\database\\Connectors\\ConnectionFactory.php(184): Illuminate\\Database\\Connectors\\MySqlConnector->connect(Array)
#5 [internal function]: Illuminate\\Database\\Connectors\\ConnectionFactory->Illuminate\\Database\\Connectors\\{closure}()
#6 C:\\Users\\Lovely\\Desktop\\Angular\\OBS\\online-barter-system\\OBS-api\\vendor\\illuminate\\database\\Connection.php(1339): call_user_func(Object(Closure))
#7 C:\\Users\\Lovely\\Desktop\\Angular\\OBS\\online-barter-system\\OBS-api\\vendor\\illuminate\\database\\Connection.php(528): Illuminate\\Database\\Connection->getPdo()
#8 C:\\Users\\Lovely\\Desktop\\Angular\\OBS\\online-barter-system\\OBS-api\\vendor\\illuminate\\database\\Connection.php(423): Illuminate\\Database\\Connection->getPdoForSelect(false)
#9 C:\\Users\\Lovely\\Desktop\\Angular\\OBS\\online-barter-system\\OBS-api\\vendor\\illuminate\\database\\Connection.php(816): Illuminate\\Database\\Connection->Illuminate\\Database\\{closure}('select count(*)...', Array)
#10 C:\\Users\\Lovely\\Desktop\\Angular\\OBS\\online-barter-system\\OBS-api\\vendor\\illuminate\\database\\Connection.php(983): Illuminate\\Database\\Connection->runQueryCallback('select count(*)...', Array, Object(Closure))
#11 C:\\Users\\Lovely\\Desktop\\Angular\\OBS\\online-barter-system\\OBS-api\\vendor\\illuminate\\database\\Connection.php(962): Illuminate\\Database\\Connection->tryAgainIfCausedByLostConnection(Object(Illuminate\\Database\\QueryException), 'select count(*)...', Array, Object(Closure))
#12 C:\\Users\\Lovely\\Desktop\\Angular\\OBS\\online-barter-system\\OBS-api\\vendor\\illuminate\\database\\Connection.php(785): Illuminate\\Database\\Connection->handleQueryException(Object(Illuminate\\Database\\QueryException), 'select count(*)...', Array, Object(Closure))
#13 C:\\Users\\Lovely\\Desktop\\Angular\\OBS\\online-barter-system\\OBS-api\\vendor\\illuminate\\database\\Connection.php(414): Illuminate\\Database\\Connection->run('select count(*)...', Array, Object(Closure))
#14 C:\\Users\\Lovely\\Desktop\\Angular\\OBS\\online-barter-system\\OBS-api\\vendor\\illuminate\\database\\Query\\Builder.php(2913): Illuminate\\Database\\Connection->select('select count(*)...', Array, false)
#15 C:\\Users\\Lovely\\Desktop\\Angular\\OBS\\online-barter-system\\OBS-api\\vendor\\illuminate\\database\\Query\\Builder.php(2902): Illuminate\\Database\\Query\\Builder->runSelect()
#16 C:\\Users\\Lovely\\Desktop\\Angular\\OBS\\online-barter-system\\OBS-api\\vendor\\illuminate\\database\\Query\\Builder.php(3456): Illuminate\\Database\\Query\\Builder->Illuminate\\Database\\Query\\{closure}()
#17 C:\\Users\\Lovely\\Desktop\\Angular\\OBS\\online-barter-system\\OBS-api\\vendor\\illuminate\\database\\Query\\Builder.php(2901): Illuminate\\Database\\Query\\Builder->onceWithColumns(Array, Object(Closure))
#18 C:\\Users\\Lovely\\Desktop\\Angular\\OBS\\online-barter-system\\OBS-api\\vendor\\illuminate\\database\\Query\\Builder.php(3383): Illuminate\\Database\\Query\\Builder->get(Array)
#19 C:\\Users\\Lovely\\Desktop\\Angular\\OBS\\online-barter-system\\OBS-api\\vendor\\illuminate\\database\\Query\\Builder.php(3311): Illuminate\\Database\\Query\\Builder->aggregate('count', Array)
#20 C:\\Users\\Lovely\\Desktop\\Angular\\OBS\\online-barter-system\\OBS-api\\vendor\\illuminate\\validation\\DatabasePresenceVerifier.php(54): Illuminate\\Database\\Query\\Builder->count()
#21 C:\\Users\\Lovely\\Desktop\\Angular\\OBS\\online-barter-system\\OBS-api\\vendor\\illuminate\\validation\\Concerns\\ValidatesAttributes.php(948): Illuminate\\Validation\\DatabasePresenceVerifier->getCount('users', 'username', 'User1', NULL, NULL, Array)
#22 C:\\Users\\Lovely\\Desktop\\Angular\\OBS\\online-barter-system\\OBS-api\\vendor\\illuminate\\validation\\Validator.php(658): Illuminate\\Validation\\Validator->validateUnique('username', 'User1', Array, Object(Illuminate\\Validation\\Validator))
#23 C:\\Users\\Lovely\\Desktop\\Angular\\OBS\\online-barter-system\\OBS-api\\vendor\\illuminate\\validation\\Validator.php(457): Illuminate\\Validation\\Validator->validateAttribute('username', 'Unique')
#24 C:\\Users\\Lovely\\Desktop\\Angular\\OBS\\online-barter-system\\OBS-api\\vendor\\illuminate\\validation\\Validator.php(492): Illuminate\\Validation\\Validator->passes()
#25 C:\\Users\\Lovely\\Desktop\\Angular\\OBS\\online-barter-system\\OBS-api\\app\\Http\\Controllers\\UsersController.php(21): Illuminate\\Validation\\Validator->fails()
#26 C:\\Users\\Lovely\\Desktop\\Angular\\OBS\\online-barter-system\\OBS-api\\vendor\\illuminate\\container\\BoundMethod.php(36): App\\Http\\Controllers\\UsersController->userSignup(Object(Laravel\\Lumen\\Http\\Request))
#27 C:\\Users\\Lovely\\Desktop\\Angular\\OBS\\online-barter-system\\OBS-api\\vendor\\illuminate\\container\\Util.php(41): Illuminate\\Container\\BoundMethod::Illuminate\\Container\\{closure}()
#28 C:\\Users\\Lovely\\Desktop\\Angular\\OBS\\online-barter-system\\OBS-api\\vendor\\illuminate\\container\\BoundMethod.php(93): Illuminate\\Container\\Util::unwrapIfClosure(Object(Closure))
#29 C:\\Users\\Lovely\\Desktop\\Angular\\OBS\\online-barter-system\\OBS-api\\vendor\\illuminate\\container\\BoundMethod.php(35): Illuminate\\Container\\BoundMethod::callBoundMethod(Object(Laravel\\Lumen\\Application), Array, Object(Closure))
#30 C:\\Users\\Lovely\\Desktop\\Angular\\OBS\\online-barter-system\\OBS-api\\vendor\\illuminate\\container\\Container.php(662): Illuminate\\Container\\BoundMethod::call(Object(Laravel\\Lumen\\Application), Array, Array, NULL)
#31 C:\\Users\\Lovely\\Desktop\\Angular\\OBS\\online-barter-system\\OBS-api\\vendor\\laravel\\lumen-framework\\src\\Concerns\\RoutesRequests.php(391): Illuminate\\Container\\Container->call(Array, Array)
#32 C:\\Users\\Lovely\\Desktop\\Angular\\OBS\\online-barter-system\\OBS-api\\vendor\\laravel\\lumen-framework\\src\\Concerns\\RoutesRequests.php(356): Laravel\\Lumen\\Application->callControllerCallable(Array, Array)
#33 C:\\Users\\Lovely\\Desktop\\Angular\\OBS\\online-barter-system\\OBS-api\\vendor\\laravel\\lumen-framework\\src\\Concerns\\RoutesRequests.php(331): Laravel\\Lumen\\Application->callLumenController(Object(App\\Http\\Controllers\\UsersController), 'userSignup', Array)
#34 C:\\Users\\Lovely\\Desktop\\Angular\\OBS\\online-barter-system\\OBS-api\\vendor\\laravel\\lumen-framework\\src\\Concerns\\RoutesRequests.php(284): Laravel\\Lumen\\Application->callControllerAction(Array)
#35 C:\\Users\\Lovely\\Desktop\\Angular\\OBS\\online-barter-system\\OBS-api\\vendor\\laravel\\lumen-framework\\src\\Concerns\\RoutesRequests.php(269): Laravel\\Lumen\\Application->callActionOnArrayBasedRoute(Array)
#36 C:\\Users\\Lovely\\Desktop\\Angular\\OBS\\online-barter-system\\OBS-api\\vendor\\laravel\\lumen-framework\\src\\Concerns\\RoutesRequests.php(171): Laravel\\Lumen\\Application->handleFoundRoute(Array)
#37 C:\\Users\\Lovely\\Desktop\\Angular\\OBS\\online-barter-system\\OBS-api\\vendor\\laravel\\lumen-framework\\src\\Routing\\Pipeline.php(48): Laravel\\Lumen\\Application->Laravel\\Lumen\\Concerns\\{closure}(Object(Laravel\\Lumen\\Http\\Request))
#38 C:\\Users\\Lovely\\Desktop\\Angular\\OBS\\online-barter-system\\OBS-api\\app\\Http\\Middleware\\CorsMiddleware.php(11): Laravel\\Lumen\\Routing\\Pipeline->Laravel\\Lumen\\Routing\\{closure}(Object(Laravel\\Lumen\\Http\\Request))
#39 C:\\Users\\Lovely\\Desktop\\Angular\\OBS\\online-barter-system\\OBS-api\\vendor\\illuminate\\pipeline\\Pipeline.php(183): App\\Http\\Middleware\\CorsMiddleware->handle(Object(Laravel\\Lumen\\Http\\Request), Object(Closure))
#40 C:\\Users\\Lovely\\Desktop\\Angular\\OBS\\online-barter-system\\OBS-api\\vendor\\laravel\\lumen-framework\\src\\Routing\\Pipeline.php(30): Illuminate\\Pipeline\\Pipeline->Illuminate\\Pipeline\\{closure}(Object(Laravel\\Lumen\\Http\\Request))
#41 C:\\Users\\Lovely\\Desktop\\Angular\\OBS\\online-barter-system\\OBS-api\\vendor\\illuminate\\pipeline\\Pipeline.php(119): Laravel\\Lumen\\Routing\\Pipeline->Laravel\\Lumen\\Routing\\{closure}(Object(Laravel\\Lumen\\Http\\Request))
#42 C:\\Users\\Lovely\\Desktop\\Angular\\OBS\\online-barter-system\\OBS-api\\vendor\\laravel\\lumen-framework\\src\\Concerns\\RoutesRequests.php(428): Illuminate\\Pipeline\\Pipeline->then(Object(Closure))
#43 C:\\Users\\Lovely\\Desktop\\Angular\\OBS\\online-barter-system\\OBS-api\\vendor\\laravel\\lumen-framework\\src\\Concerns\\RoutesRequests.php(167): Laravel\\Lumen\\Application->sendThroughPipeline(Array, Object(Closure))
#44 C:\\Users\\Lovely\\Desktop\\Angular\\OBS\\online-barter-system\\OBS-api\\vendor\\laravel\\lumen-framework\\src\\Concerns\\RoutesRequests.php(112): Laravel\\Lumen\\Application->dispatch(NULL)
#45 C:\\Users\\Lovely\\Desktop\\Angular\\OBS\\online-barter-system\\OBS-api\\public\\index.php(28): Laravel\\Lumen\\Application->run()
#46 {main}
"} 
[2025-03-30 11:00:58] local.ERROR: SQLSTATE[HY000] [2002] No connection could be made because the target machine actively refused it (Connection: mysql, SQL: select count(*) as aggregate from `users` where `username` = User1) {"exception":"[object] (Illuminate\\Database\\QueryException(code: 2002): SQLSTATE[HY000] [2002] No connection could be made because the target machine actively refused it (Connection: mysql, SQL: select count(*) as aggregate from `users` where `username` = User1) at C:\\Users\\Lovely\\Desktop\\Angular\\OBS\\online-barter-system\\OBS-api\\vendor\\illuminate\\database\\Connection.php:829)
[stacktrace]
#0 C:\\Users\\Lovely\\Desktop\\Angular\\OBS\\online-barter-system\\OBS-api\\vendor\\illuminate\\database\\Connection.php(983): Illuminate\\Database\\Connection->runQueryCallback('select count(*)...', Array, Object(Closure))
#1 C:\\Users\\Lovely\\Desktop\\Angular\\OBS\\online-barter-system\\OBS-api\\vendor\\illuminate\\database\\Connection.php(962): Illuminate\\Database\\Connection->tryAgainIfCausedByLostConnection(Object(Illuminate\\Database\\QueryException), 'select count(*)...', Array, Object(Closure))
#2 C:\\Users\\Lovely\\Desktop\\Angular\\OBS\\online-barter-system\\OBS-api\\vendor\\illuminate\\database\\Connection.php(785): Illuminate\\Database\\Connection->handleQueryException(Object(Illuminate\\Database\\QueryException), 'select count(*)...', Array, Object(Closure))
#3 C:\\Users\\Lovely\\Desktop\\Angular\\OBS\\online-barter-system\\OBS-api\\vendor\\illuminate\\database\\Connection.php(414): Illuminate\\Database\\Connection->run('select count(*)...', Array, Object(Closure))
#4 C:\\Users\\Lovely\\Desktop\\Angular\\OBS\\online-barter-system\\OBS-api\\vendor\\illuminate\\database\\Query\\Builder.php(2913): Illuminate\\Database\\Connection->select('select count(*)...', Array, false)
#5 C:\\Users\\Lovely\\Desktop\\Angular\\OBS\\online-barter-system\\OBS-api\\vendor\\illuminate\\database\\Query\\Builder.php(2902): Illuminate\\Database\\Query\\Builder->runSelect()
#6 C:\\Users\\Lovely\\Desktop\\Angular\\OBS\\online-barter-system\\OBS-api\\vendor\\illuminate\\database\\Query\\Builder.php(3456): Illuminate\\Database\\Query\\Builder->Illuminate\\Database\\Query\\{closure}()
#7 C:\\Users\\Lovely\\Desktop\\Angular\\OBS\\online-barter-system\\OBS-api\\vendor\\illuminate\\database\\Query\\Builder.php(2901): Illuminate\\Database\\Query\\Builder->onceWithColumns(Array, Object(Closure))
#8 C:\\Users\\Lovely\\Desktop\\Angular\\OBS\\online-barter-system\\OBS-api\\vendor\\illuminate\\database\\Query\\Builder.php(3383): Illuminate\\Database\\Query\\Builder->get(Array)
#9 C:\\Users\\Lovely\\Desktop\\Angular\\OBS\\online-barter-system\\OBS-api\\vendor\\illuminate\\database\\Query\\Builder.php(3311): Illuminate\\Database\\Query\\Builder->aggregate('count', Array)
#10 C:\\Users\\Lovely\\Desktop\\Angular\\OBS\\online-barter-system\\OBS-api\\vendor\\illuminate\\validation\\DatabasePresenceVerifier.php(54): Illuminate\\Database\\Query\\Builder->count()
#11 C:\\Users\\Lovely\\Desktop\\Angular\\OBS\\online-barter-system\\OBS-api\\vendor\\illuminate\\validation\\Concerns\\ValidatesAttributes.php(948): Illuminate\\Validation\\DatabasePresenceVerifier->getCount('users', 'username', 'User1', NULL, NULL, Array)
#12 C:\\Users\\Lovely\\Desktop\\Angular\\OBS\\online-barter-system\\OBS-api\\vendor\\illuminate\\validation\\Validator.php(658): Illuminate\\Validation\\Validator->validateUnique('username', 'User1', Array, Object(Illuminate\\Validation\\Validator))
#13 C:\\Users\\Lovely\\Desktop\\Angular\\OBS\\online-barter-system\\OBS-api\\vendor\\illuminate\\validation\\Validator.php(457): Illuminate\\Validation\\Validator->validateAttribute('username', 'Unique')
#14 C:\\Users\\Lovely\\Desktop\\Angular\\OBS\\online-barter-system\\OBS-api\\vendor\\illuminate\\validation\\Validator.php(492): Illuminate\\Validation\\Validator->passes()
#15 C:\\Users\\Lovely\\Desktop\\Angular\\OBS\\online-barter-system\\OBS-api\\app\\Http\\Controllers\\UsersController.php(21): Illuminate\\Validation\\Validator->fails()
#16 C:\\Users\\Lovely\\Desktop\\Angular\\OBS\\online-barter-system\\OBS-api\\vendor\\illuminate\\container\\BoundMethod.php(36): App\\Http\\Controllers\\UsersController->userSignup(Object(Laravel\\Lumen\\Http\\Request))
#17 C:\\Users\\Lovely\\Desktop\\Angular\\OBS\\online-barter-system\\OBS-api\\vendor\\illuminate\\container\\Util.php(41): Illuminate\\Container\\BoundMethod::Illuminate\\Container\\{closure}()
#18 C:\\Users\\Lovely\\Desktop\\Angular\\OBS\\online-barter-system\\OBS-api\\vendor\\illuminate\\container\\BoundMethod.php(93): Illuminate\\Container\\Util::unwrapIfClosure(Object(Closure))
#19 C:\\Users\\Lovely\\Desktop\\Angular\\OBS\\online-barter-system\\OBS-api\\vendor\\illuminate\\container\\BoundMethod.php(35): Illuminate\\Container\\BoundMethod::callBoundMethod(Object(Laravel\\Lumen\\Application), Array, Object(Closure))
#20 C:\\Users\\Lovely\\Desktop\\Angular\\OBS\\online-barter-system\\OBS-api\\vendor\\illuminate\\container\\Container.php(662): Illuminate\\Container\\BoundMethod::call(Object(Laravel\\Lumen\\Application), Array, Array, NULL)
#21 C:\\Users\\Lovely\\Desktop\\Angular\\OBS\\online-barter-system\\OBS-api\\vendor\\laravel\\lumen-framework\\src\\Concerns\\RoutesRequests.php(391): Illuminate\\Container\\Container->call(Array, Array)
#22 C:\\Users\\Lovely\\Desktop\\Angular\\OBS\\online-barter-system\\OBS-api\\vendor\\laravel\\lumen-framework\\src\\Concerns\\RoutesRequests.php(356): Laravel\\Lumen\\Application->callControllerCallable(Array, Array)
#23 C:\\Users\\Lovely\\Desktop\\Angular\\OBS\\online-barter-system\\OBS-api\\vendor\\laravel\\lumen-framework\\src\\Concerns\\RoutesRequests.php(331): Laravel\\Lumen\\Application->callLumenController(Object(App\\Http\\Controllers\\UsersController), 'userSignup', Array)
#24 C:\\Users\\Lovely\\Desktop\\Angular\\OBS\\online-barter-system\\OBS-api\\vendor\\laravel\\lumen-framework\\src\\Concerns\\RoutesRequests.php(284): Laravel\\Lumen\\Application->callControllerAction(Array)
#25 C:\\Users\\Lovely\\Desktop\\Angular\\OBS\\online-barter-system\\OBS-api\\vendor\\laravel\\lumen-framework\\src\\Concerns\\RoutesRequests.php(269): Laravel\\Lumen\\Application->callActionOnArrayBasedRoute(Array)
#26 C:\\Users\\Lovely\\Desktop\\Angular\\OBS\\online-barter-system\\OBS-api\\vendor\\laravel\\lumen-framework\\src\\Concerns\\RoutesRequests.php(171): Laravel\\Lumen\\Application->handleFoundRoute(Array)
#27 C:\\Users\\Lovely\\Desktop\\Angular\\OBS\\online-barter-system\\OBS-api\\vendor\\laravel\\lumen-framework\\src\\Routing\\Pipeline.php(48): Laravel\\Lumen\\Application->Laravel\\Lumen\\Concerns\\{closure}(Object(Laravel\\Lumen\\Http\\Request))
#28 C:\\Users\\Lovely\\Desktop\\Angular\\OBS\\online-barter-system\\OBS-api\\app\\Http\\Middleware\\CorsMiddleware.php(11): Laravel\\Lumen\\Routing\\Pipeline->Laravel\\Lumen\\Routing\\{closure}(Object(Laravel\\Lumen\\Http\\Request))
#29 C:\\Users\\Lovely\\Desktop\\Angular\\OBS\\online-barter-system\\OBS-api\\vendor\\illuminate\\pipeline\\Pipeline.php(183): App\\Http\\Middleware\\CorsMiddleware->handle(Object(Laravel\\Lumen\\Http\\Request), Object(Closure))
#30 C:\\Users\\Lovely\\Desktop\\Angular\\OBS\\online-barter-system\\OBS-api\\vendor\\laravel\\lumen-framework\\src\\Routing\\Pipeline.php(30): Illuminate\\Pipeline\\Pipeline->Illuminate\\Pipeline\\{closure}(Object(Laravel\\Lumen\\Http\\Request))
#31 C:\\Users\\Lovely\\Desktop\\Angular\\OBS\\online-barter-system\\OBS-api\\vendor\\illuminate\\pipeline\\Pipeline.php(119): Laravel\\Lumen\\Routing\\Pipeline->Laravel\\Lumen\\Routing\\{closure}(Object(Laravel\\Lumen\\Http\\Request))
#32 C:\\Users\\Lovely\\Desktop\\Angular\\OBS\\online-barter-system\\OBS-api\\vendor\\laravel\\lumen-framework\\src\\Concerns\\RoutesRequests.php(428): Illuminate\\Pipeline\\Pipeline->then(Object(Closure))
#33 C:\\Users\\Lovely\\Desktop\\Angular\\OBS\\online-barter-system\\OBS-api\\vendor\\laravel\\lumen-framework\\src\\Concerns\\RoutesRequests.php(167): Laravel\\Lumen\\Application->sendThroughPipeline(Array, Object(Closure))
#34 C:\\Users\\Lovely\\Desktop\\Angular\\OBS\\online-barter-system\\OBS-api\\vendor\\laravel\\lumen-framework\\src\\Concerns\\RoutesRequests.php(112): Laravel\\Lumen\\Application->dispatch(NULL)
#35 C:\\Users\\Lovely\\Desktop\\Angular\\OBS\\online-barter-system\\OBS-api\\public\\index.php(28): Laravel\\Lumen\\Application->run()
#36 {main}

[previous exception] [object] (PDOException(code: 2002): SQLSTATE[HY000] [2002] No connection could be made because the target machine actively refused it at C:\\Users\\Lovely\\Desktop\\Angular\\OBS\\online-barter-system\\OBS-api\\vendor\\illuminate\\database\\Connectors\\Connector.php:65)
[stacktrace]
#0 C:\\Users\\Lovely\\Desktop\\Angular\\OBS\\online-barter-system\\OBS-api\\vendor\\illuminate\\database\\Connectors\\Connector.php(65): PDO->__construct('mysql:host=127....', 'root', Object(SensitiveParameterValue), Array)
#1 C:\\Users\\Lovely\\Desktop\\Angular\\OBS\\online-barter-system\\OBS-api\\vendor\\illuminate\\database\\Connectors\\Connector.php(83): Illuminate\\Database\\Connectors\\Connector->createPdoConnection('mysql:host=127....', 'root', '', Array)
#2 C:\\Users\\Lovely\\Desktop\\Angular\\OBS\\online-barter-system\\OBS-api\\vendor\\illuminate\\database\\Connectors\\Connector.php(48): Illuminate\\Database\\Connectors\\Connector->tryAgainIfCausedByLostConnection(Object(PDOException), 'mysql:host=127....', 'root', '', Array)
#3 C:\\Users\\Lovely\\Desktop\\Angular\\OBS\\online-barter-system\\OBS-api\\vendor\\illuminate\\database\\Connectors\\MySqlConnector.php(24): Illuminate\\Database\\Connectors\\Connector->createConnection('mysql:host=127....', Array, Array)
#4 C:\\Users\\Lovely\\Desktop\\Angular\\OBS\\online-barter-system\\OBS-api\\vendor\\illuminate\\database\\Connectors\\ConnectionFactory.php(184): Illuminate\\Database\\Connectors\\MySqlConnector->connect(Array)
#5 [internal function]: Illuminate\\Database\\Connectors\\ConnectionFactory->Illuminate\\Database\\Connectors\\{closure}()
#6 C:\\Users\\Lovely\\Desktop\\Angular\\OBS\\online-barter-system\\OBS-api\\vendor\\illuminate\\database\\Connection.php(1339): call_user_func(Object(Closure))
#7 C:\\Users\\Lovely\\Desktop\\Angular\\OBS\\online-barter-system\\OBS-api\\vendor\\illuminate\\database\\Connection.php(528): Illuminate\\Database\\Connection->getPdo()
#8 C:\\Users\\Lovely\\Desktop\\Angular\\OBS\\online-barter-system\\OBS-api\\vendor\\illuminate\\database\\Connection.php(423): Illuminate\\Database\\Connection->getPdoForSelect(false)
#9 C:\\Users\\Lovely\\Desktop\\Angular\\OBS\\online-barter-system\\OBS-api\\vendor\\illuminate\\database\\Connection.php(816): Illuminate\\Database\\Connection->Illuminate\\Database\\{closure}('select count(*)...', Array)
#10 C:\\Users\\Lovely\\Desktop\\Angular\\OBS\\online-barter-system\\OBS-api\\vendor\\illuminate\\database\\Connection.php(983): Illuminate\\Database\\Connection->runQueryCallback('select count(*)...', Array, Object(Closure))
#11 C:\\Users\\Lovely\\Desktop\\Angular\\OBS\\online-barter-system\\OBS-api\\vendor\\illuminate\\database\\Connection.php(962): Illuminate\\Database\\Connection->tryAgainIfCausedByLostConnection(Object(Illuminate\\Database\\QueryException), 'select count(*)...', Array, Object(Closure))
#12 C:\\Users\\Lovely\\Desktop\\Angular\\OBS\\online-barter-system\\OBS-api\\vendor\\illuminate\\database\\Connection.php(785): Illuminate\\Database\\Connection->handleQueryException(Object(Illuminate\\Database\\QueryException), 'select count(*)...', Array, Object(Closure))
#13 C:\\Users\\Lovely\\Desktop\\Angular\\OBS\\online-barter-system\\OBS-api\\vendor\\illuminate\\database\\Connection.php(414): Illuminate\\Database\\Connection->run('select count(*)...', Array, Object(Closure))
#14 C:\\Users\\Lovely\\Desktop\\Angular\\OBS\\online-barter-system\\OBS-api\\vendor\\illuminate\\database\\Query\\Builder.php(2913): Illuminate\\Database\\Connection->select('select count(*)...', Array, false)
#15 C:\\Users\\Lovely\\Desktop\\Angular\\OBS\\online-barter-system\\OBS-api\\vendor\\illuminate\\database\\Query\\Builder.php(2902): Illuminate\\Database\\Query\\Builder->runSelect()
#16 C:\\Users\\Lovely\\Desktop\\Angular\\OBS\\online-barter-system\\OBS-api\\vendor\\illuminate\\database\\Query\\Builder.php(3456): Illuminate\\Database\\Query\\Builder->Illuminate\\Database\\Query\\{closure}()
#17 C:\\Users\\Lovely\\Desktop\\Angular\\OBS\\online-barter-system\\OBS-api\\vendor\\illuminate\\database\\Query\\Builder.php(2901): Illuminate\\Database\\Query\\Builder->onceWithColumns(Array, Object(Closure))
#18 C:\\Users\\Lovely\\Desktop\\Angular\\OBS\\online-barter-system\\OBS-api\\vendor\\illuminate\\database\\Query\\Builder.php(3383): Illuminate\\Database\\Query\\Builder->get(Array)
#19 C:\\Users\\Lovely\\Desktop\\Angular\\OBS\\online-barter-system\\OBS-api\\vendor\\illuminate\\database\\Query\\Builder.php(3311): Illuminate\\Database\\Query\\Builder->aggregate('count', Array)
#20 C:\\Users\\Lovely\\Desktop\\Angular\\OBS\\online-barter-system\\OBS-api\\vendor\\illuminate\\validation\\DatabasePresenceVerifier.php(54): Illuminate\\Database\\Query\\Builder->count()
#21 C:\\Users\\Lovely\\Desktop\\Angular\\OBS\\online-barter-system\\OBS-api\\vendor\\illuminate\\validation\\Concerns\\ValidatesAttributes.php(948): Illuminate\\Validation\\DatabasePresenceVerifier->getCount('users', 'username', 'User1', NULL, NULL, Array)
#22 C:\\Users\\Lovely\\Desktop\\Angular\\OBS\\online-barter-system\\OBS-api\\vendor\\illuminate\\validation\\Validator.php(658): Illuminate\\Validation\\Validator->validateUnique('username', 'User1', Array, Object(Illuminate\\Validation\\Validator))
#23 C:\\Users\\Lovely\\Desktop\\Angular\\OBS\\online-barter-system\\OBS-api\\vendor\\illuminate\\validation\\Validator.php(457): Illuminate\\Validation\\Validator->validateAttribute('username', 'Unique')
#24 C:\\Users\\Lovely\\Desktop\\Angular\\OBS\\online-barter-system\\OBS-api\\vendor\\illuminate\\validation\\Validator.php(492): Illuminate\\Validation\\Validator->passes()
#25 C:\\Users\\Lovely\\Desktop\\Angular\\OBS\\online-barter-system\\OBS-api\\app\\Http\\Controllers\\UsersController.php(21): Illuminate\\Validation\\Validator->fails()
#26 C:\\Users\\Lovely\\Desktop\\Angular\\OBS\\online-barter-system\\OBS-api\\vendor\\illuminate\\container\\BoundMethod.php(36): App\\Http\\Controllers\\UsersController->userSignup(Object(Laravel\\Lumen\\Http\\Request))
#27 C:\\Users\\Lovely\\Desktop\\Angular\\OBS\\online-barter-system\\OBS-api\\vendor\\illuminate\\container\\Util.php(41): Illuminate\\Container\\BoundMethod::Illuminate\\Container\\{closure}()
#28 C:\\Users\\Lovely\\Desktop\\Angular\\OBS\\online-barter-system\\OBS-api\\vendor\\illuminate\\container\\BoundMethod.php(93): Illuminate\\Container\\Util::unwrapIfClosure(Object(Closure))
#29 C:\\Users\\Lovely\\Desktop\\Angular\\OBS\\online-barter-system\\OBS-api\\vendor\\illuminate\\container\\BoundMethod.php(35): Illuminate\\Container\\BoundMethod::callBoundMethod(Object(Laravel\\Lumen\\Application), Array, Object(Closure))
#30 C:\\Users\\Lovely\\Desktop\\Angular\\OBS\\online-barter-system\\OBS-api\\vendor\\illuminate\\container\\Container.php(662): Illuminate\\Container\\BoundMethod::call(Object(Laravel\\Lumen\\Application), Array, Array, NULL)
#31 C:\\Users\\Lovely\\Desktop\\Angular\\OBS\\online-barter-system\\OBS-api\\vendor\\laravel\\lumen-framework\\src\\Concerns\\RoutesRequests.php(391): Illuminate\\Container\\Container->call(Array, Array)
#32 C:\\Users\\Lovely\\Desktop\\Angular\\OBS\\online-barter-system\\OBS-api\\vendor\\laravel\\lumen-framework\\src\\Concerns\\RoutesRequests.php(356): Laravel\\Lumen\\Application->callControllerCallable(Array, Array)
#33 C:\\Users\\Lovely\\Desktop\\Angular\\OBS\\online-barter-system\\OBS-api\\vendor\\laravel\\lumen-framework\\src\\Concerns\\RoutesRequests.php(331): Laravel\\Lumen\\Application->callLumenController(Object(App\\Http\\Controllers\\UsersController), 'userSignup', Array)
#34 C:\\Users\\Lovely\\Desktop\\Angular\\OBS\\online-barter-system\\OBS-api\\vendor\\laravel\\lumen-framework\\src\\Concerns\\RoutesRequests.php(284): Laravel\\Lumen\\Application->callControllerAction(Array)
#35 C:\\Users\\Lovely\\Desktop\\Angular\\OBS\\online-barter-system\\OBS-api\\vendor\\laravel\\lumen-framework\\src\\Concerns\\RoutesRequests.php(269): Laravel\\Lumen\\Application->callActionOnArrayBasedRoute(Array)
#36 C:\\Users\\Lovely\\Desktop\\Angular\\OBS\\online-barter-system\\OBS-api\\vendor\\laravel\\lumen-framework\\src\\Concerns\\RoutesRequests.php(171): Laravel\\Lumen\\Application->handleFoundRoute(Array)
#37 C:\\Users\\Lovely\\Desktop\\Angular\\OBS\\online-barter-system\\OBS-api\\vendor\\laravel\\lumen-framework\\src\\Routing\\Pipeline.php(48): Laravel\\Lumen\\Application->Laravel\\Lumen\\Concerns\\{closure}(Object(Laravel\\Lumen\\Http\\Request))
#38 C:\\Users\\Lovely\\Desktop\\Angular\\OBS\\online-barter-system\\OBS-api\\app\\Http\\Middleware\\CorsMiddleware.php(11): Laravel\\Lumen\\Routing\\Pipeline->Laravel\\Lumen\\Routing\\{closure}(Object(Laravel\\Lumen\\Http\\Request))
#39 C:\\Users\\Lovely\\Desktop\\Angular\\OBS\\online-barter-system\\OBS-api\\vendor\\illuminate\\pipeline\\Pipeline.php(183): App\\Http\\Middleware\\CorsMiddleware->handle(Object(Laravel\\Lumen\\Http\\Request), Object(Closure))
#40 C:\\Users\\Lovely\\Desktop\\Angular\\OBS\\online-barter-system\\OBS-api\\vendor\\laravel\\lumen-framework\\src\\Routing\\Pipeline.php(30): Illuminate\\Pipeline\\Pipeline->Illuminate\\Pipeline\\{closure}(Object(Laravel\\Lumen\\Http\\Request))
#41 C:\\Users\\Lovely\\Desktop\\Angular\\OBS\\online-barter-system\\OBS-api\\vendor\\illuminate\\pipeline\\Pipeline.php(119): Laravel\\Lumen\\Routing\\Pipeline->Laravel\\Lumen\\Routing\\{closure}(Object(Laravel\\Lumen\\Http\\Request))
#42 C:\\Users\\Lovely\\Desktop\\Angular\\OBS\\online-barter-system\\OBS-api\\vendor\\laravel\\lumen-framework\\src\\Concerns\\RoutesRequests.php(428): Illuminate\\Pipeline\\Pipeline->then(Object(Closure))
#43 C:\\Users\\Lovely\\Desktop\\Angular\\OBS\\online-barter-system\\OBS-api\\vendor\\laravel\\lumen-framework\\src\\Concerns\\RoutesRequests.php(167): Laravel\\Lumen\\Application->sendThroughPipeline(Array, Object(Closure))
#44 C:\\Users\\Lovely\\Desktop\\Angular\\OBS\\online-barter-system\\OBS-api\\vendor\\laravel\\lumen-framework\\src\\Concerns\\RoutesRequests.php(112): Laravel\\Lumen\\Application->dispatch(NULL)
#45 C:\\Users\\Lovely\\Desktop\\Angular\\OBS\\online-barter-system\\OBS-api\\public\\index.php(28): Laravel\\Lumen\\Application->run()
#46 {main}
"} 
[2025-03-30 11:12:39] local.ERROR: Target class [App\Http\Controllers\AuthController] does not exist. {"exception":"[object] (Illuminate\\Contracts\\Container\\BindingResolutionException(code: 0): Target class [App\\Http\\Controllers\\AuthController] does not exist. at C:\\Users\\Lovely\\Desktop\\Angular\\OBS\\online-barter-system\\OBS-api\\vendor\\illuminate\\container\\Container.php:914)
[stacktrace]
#0 C:\\Users\\Lovely\\Desktop\\Angular\\OBS\\online-barter-system\\OBS-api\\vendor\\illuminate\\container\\Container.php(795): Illuminate\\Container\\Container->build('App\\\\Http\\\\Contro...')
#1 C:\\Users\\Lovely\\Desktop\\Angular\\OBS\\online-barter-system\\OBS-api\\vendor\\illuminate\\container\\Container.php(731): Illuminate\\Container\\Container->resolve('App\\\\Http\\\\Contro...', Array)
#2 C:\\Users\\Lovely\\Desktop\\Angular\\OBS\\online-barter-system\\OBS-api\\vendor\\laravel\\lumen-framework\\src\\Application.php(327): Illuminate\\Container\\Container->make('App\\\\Http\\\\Contro...', Array)
#3 C:\\Users\\Lovely\\Desktop\\Angular\\OBS\\online-barter-system\\OBS-api\\vendor\\laravel\\lumen-framework\\src\\Concerns\\RoutesRequests.php(326): Laravel\\Lumen\\Application->make('App\\\\Http\\\\Contro...')
#4 C:\\Users\\Lovely\\Desktop\\Angular\\OBS\\online-barter-system\\OBS-api\\vendor\\laravel\\lumen-framework\\src\\Concerns\\RoutesRequests.php(284): Laravel\\Lumen\\Application->callControllerAction(Array)
#5 C:\\Users\\Lovely\\Desktop\\Angular\\OBS\\online-barter-system\\OBS-api\\vendor\\laravel\\lumen-framework\\src\\Concerns\\RoutesRequests.php(269): Laravel\\Lumen\\Application->callActionOnArrayBasedRoute(Array)
#6 C:\\Users\\Lovely\\Desktop\\Angular\\OBS\\online-barter-system\\OBS-api\\vendor\\laravel\\lumen-framework\\src\\Concerns\\RoutesRequests.php(171): Laravel\\Lumen\\Application->handleFoundRoute(Array)
#7 C:\\Users\\Lovely\\Desktop\\Angular\\OBS\\online-barter-system\\OBS-api\\vendor\\laravel\\lumen-framework\\src\\Routing\\Pipeline.php(48): Laravel\\Lumen\\Application->Laravel\\Lumen\\Concerns\\{closure}(Object(Laravel\\Lumen\\Http\\Request))
#8 C:\\Users\\Lovely\\Desktop\\Angular\\OBS\\online-barter-system\\OBS-api\\app\\Http\\Middleware\\CorsMiddleware.php(11): Laravel\\Lumen\\Routing\\Pipeline->Laravel\\Lumen\\Routing\\{closure}(Object(Laravel\\Lumen\\Http\\Request))
#9 C:\\Users\\Lovely\\Desktop\\Angular\\OBS\\online-barter-system\\OBS-api\\vendor\\illuminate\\pipeline\\Pipeline.php(183): App\\Http\\Middleware\\CorsMiddleware->handle(Object(Laravel\\Lumen\\Http\\Request), Object(Closure))
#10 C:\\Users\\Lovely\\Desktop\\Angular\\OBS\\online-barter-system\\OBS-api\\vendor\\laravel\\lumen-framework\\src\\Routing\\Pipeline.php(30): Illuminate\\Pipeline\\Pipeline->Illuminate\\Pipeline\\{closure}(Object(Laravel\\Lumen\\Http\\Request))
#11 C:\\Users\\Lovely\\Desktop\\Angular\\OBS\\online-barter-system\\OBS-api\\vendor\\illuminate\\pipeline\\Pipeline.php(119): Laravel\\Lumen\\Routing\\Pipeline->Laravel\\Lumen\\Routing\\{closure}(Object(Laravel\\Lumen\\Http\\Request))
#12 C:\\Users\\Lovely\\Desktop\\Angular\\OBS\\online-barter-system\\OBS-api\\vendor\\laravel\\lumen-framework\\src\\Concerns\\RoutesRequests.php(428): Illuminate\\Pipeline\\Pipeline->then(Object(Closure))
#13 C:\\Users\\Lovely\\Desktop\\Angular\\OBS\\online-barter-system\\OBS-api\\vendor\\laravel\\lumen-framework\\src\\Concerns\\RoutesRequests.php(167): Laravel\\Lumen\\Application->sendThroughPipeline(Array, Object(Closure))
#14 C:\\Users\\Lovely\\Desktop\\Angular\\OBS\\online-barter-system\\OBS-api\\vendor\\laravel\\lumen-framework\\src\\Concerns\\RoutesRequests.php(112): Laravel\\Lumen\\Application->dispatch(NULL)
#15 C:\\Users\\Lovely\\Desktop\\Angular\\OBS\\online-barter-system\\OBS-api\\public\\index.php(28): Laravel\\Lumen\\Application->run()
#16 {main}

[previous exception] [object] (ReflectionException(code: -1): Class \"App\\Http\\Controllers\\AuthController\" does not exist at C:\\Users\\Lovely\\Desktop\\Angular\\OBS\\online-barter-system\\OBS-api\\vendor\\illuminate\\container\\Container.php:912)
[stacktrace]
#0 C:\\Users\\Lovely\\Desktop\\Angular\\OBS\\online-barter-system\\OBS-api\\vendor\\illuminate\\container\\Container.php(912): ReflectionClass->__construct('App\\\\Http\\\\Contro...')
#1 C:\\Users\\Lovely\\Desktop\\Angular\\OBS\\online-barter-system\\OBS-api\\vendor\\illuminate\\container\\Container.php(795): Illuminate\\Container\\Container->build('App\\\\Http\\\\Contro...')
#2 C:\\Users\\Lovely\\Desktop\\Angular\\OBS\\online-barter-system\\OBS-api\\vendor\\illuminate\\container\\Container.php(731): Illuminate\\Container\\Container->resolve('App\\\\Http\\\\Contro...', Array)
#3 C:\\Users\\Lovely\\Desktop\\Angular\\OBS\\online-barter-system\\OBS-api\\vendor\\laravel\\lumen-framework\\src\\Application.php(327): Illuminate\\Container\\Container->make('App\\\\Http\\\\Contro...', Array)
#4 C:\\Users\\Lovely\\Desktop\\Angular\\OBS\\online-barter-system\\OBS-api\\vendor\\laravel\\lumen-framework\\src\\Concerns\\RoutesRequests.php(326): Laravel\\Lumen\\Application->make('App\\\\Http\\\\Contro...')
#5 C:\\Users\\Lovely\\Desktop\\Angular\\OBS\\online-barter-system\\OBS-api\\vendor\\laravel\\lumen-framework\\src\\Concerns\\RoutesRequests.php(284): Laravel\\Lumen\\Application->callControllerAction(Array)
#6 C:\\Users\\Lovely\\Desktop\\Angular\\OBS\\online-barter-system\\OBS-api\\vendor\\laravel\\lumen-framework\\src\\Concerns\\RoutesRequests.php(269): Laravel\\Lumen\\Application->callActionOnArrayBasedRoute(Array)
#7 C:\\Users\\Lovely\\Desktop\\Angular\\OBS\\online-barter-system\\OBS-api\\vendor\\laravel\\lumen-framework\\src\\Concerns\\RoutesRequests.php(171): Laravel\\Lumen\\Application->handleFoundRoute(Array)
#8 C:\\Users\\Lovely\\Desktop\\Angular\\OBS\\online-barter-system\\OBS-api\\vendor\\laravel\\lumen-framework\\src\\Routing\\Pipeline.php(48): Laravel\\Lumen\\Application->Laravel\\Lumen\\Concerns\\{closure}(Object(Laravel\\Lumen\\Http\\Request))
#9 C:\\Users\\Lovely\\Desktop\\Angular\\OBS\\online-barter-system\\OBS-api\\app\\Http\\Middleware\\CorsMiddleware.php(11): Laravel\\Lumen\\Routing\\Pipeline->Laravel\\Lumen\\Routing\\{closure}(Object(Laravel\\Lumen\\Http\\Request))
#10 C:\\Users\\Lovely\\Desktop\\Angular\\OBS\\online-barter-system\\OBS-api\\vendor\\illuminate\\pipeline\\Pipeline.php(183): App\\Http\\Middleware\\CorsMiddleware->handle(Object(Laravel\\Lumen\\Http\\Request), Object(Closure))
#11 C:\\Users\\Lovely\\Desktop\\Angular\\OBS\\online-barter-system\\OBS-api\\vendor\\laravel\\lumen-framework\\src\\Routing\\Pipeline.php(30): Illuminate\\Pipeline\\Pipeline->Illuminate\\Pipeline\\{closure}(Object(Laravel\\Lumen\\Http\\Request))
#12 C:\\Users\\Lovely\\Desktop\\Angular\\OBS\\online-barter-system\\OBS-api\\vendor\\illuminate\\pipeline\\Pipeline.php(119): Laravel\\Lumen\\Routing\\Pipeline->Laravel\\Lumen\\Routing\\{closure}(Object(Laravel\\Lumen\\Http\\Request))
#13 C:\\Users\\Lovely\\Desktop\\Angular\\OBS\\online-barter-system\\OBS-api\\vendor\\laravel\\lumen-framework\\src\\Concerns\\RoutesRequests.php(428): Illuminate\\Pipeline\\Pipeline->then(Object(Closure))
#14 C:\\Users\\Lovely\\Desktop\\Angular\\OBS\\online-barter-system\\OBS-api\\vendor\\laravel\\lumen-framework\\src\\Concerns\\RoutesRequests.php(167): Laravel\\Lumen\\Application->sendThroughPipeline(Array, Object(Closure))
#15 C:\\Users\\Lovely\\Desktop\\Angular\\OBS\\online-barter-system\\OBS-api\\vendor\\laravel\\lumen-framework\\src\\Concerns\\RoutesRequests.php(112): Laravel\\Lumen\\Application->dispatch(NULL)
#16 C:\\Users\\Lovely\\Desktop\\Angular\\OBS\\online-barter-system\\OBS-api\\public\\index.php(28): Laravel\\Lumen\\Application->run()
#17 {main}
"} 
[2025-03-30 11:12:42] local.ERROR: Target class [App\Http\Controllers\AuthController] does not exist. {"exception":"[object] (Illuminate\\Contracts\\Container\\BindingResolutionException(code: 0): Target class [App\\Http\\Controllers\\AuthController] does not exist. at C:\\Users\\Lovely\\Desktop\\Angular\\OBS\\online-barter-system\\OBS-api\\vendor\\illuminate\\container\\Container.php:914)
[stacktrace]
#0 C:\\Users\\Lovely\\Desktop\\Angular\\OBS\\online-barter-system\\OBS-api\\vendor\\illuminate\\container\\Container.php(795): Illuminate\\Container\\Container->build('App\\\\Http\\\\Contro...')
#1 C:\\Users\\Lovely\\Desktop\\Angular\\OBS\\online-barter-system\\OBS-api\\vendor\\illuminate\\container\\Container.php(731): Illuminate\\Container\\Container->resolve('App\\\\Http\\\\Contro...', Array)
#2 C:\\Users\\Lovely\\Desktop\\Angular\\OBS\\online-barter-system\\OBS-api\\vendor\\laravel\\lumen-framework\\src\\Application.php(327): Illuminate\\Container\\Container->make('App\\\\Http\\\\Contro...', Array)
#3 C:\\Users\\Lovely\\Desktop\\Angular\\OBS\\online-barter-system\\OBS-api\\vendor\\laravel\\lumen-framework\\src\\Concerns\\RoutesRequests.php(326): Laravel\\Lumen\\Application->make('App\\\\Http\\\\Contro...')
#4 C:\\Users\\Lovely\\Desktop\\Angular\\OBS\\online-barter-system\\OBS-api\\vendor\\laravel\\lumen-framework\\src\\Concerns\\RoutesRequests.php(284): Laravel\\Lumen\\Application->callControllerAction(Array)
#5 C:\\Users\\Lovely\\Desktop\\Angular\\OBS\\online-barter-system\\OBS-api\\vendor\\laravel\\lumen-framework\\src\\Concerns\\RoutesRequests.php(269): Laravel\\Lumen\\Application->callActionOnArrayBasedRoute(Array)
#6 C:\\Users\\Lovely\\Desktop\\Angular\\OBS\\online-barter-system\\OBS-api\\vendor\\laravel\\lumen-framework\\src\\Concerns\\RoutesRequests.php(171): Laravel\\Lumen\\Application->handleFoundRoute(Array)
#7 C:\\Users\\Lovely\\Desktop\\Angular\\OBS\\online-barter-system\\OBS-api\\vendor\\laravel\\lumen-framework\\src\\Routing\\Pipeline.php(48): Laravel\\Lumen\\Application->Laravel\\Lumen\\Concerns\\{closure}(Object(Laravel\\Lumen\\Http\\Request))
#8 C:\\Users\\Lovely\\Desktop\\Angular\\OBS\\online-barter-system\\OBS-api\\app\\Http\\Middleware\\CorsMiddleware.php(11): Laravel\\Lumen\\Routing\\Pipeline->Laravel\\Lumen\\Routing\\{closure}(Object(Laravel\\Lumen\\Http\\Request))
#9 C:\\Users\\Lovely\\Desktop\\Angular\\OBS\\online-barter-system\\OBS-api\\vendor\\illuminate\\pipeline\\Pipeline.php(183): App\\Http\\Middleware\\CorsMiddleware->handle(Object(Laravel\\Lumen\\Http\\Request), Object(Closure))
#10 C:\\Users\\Lovely\\Desktop\\Angular\\OBS\\online-barter-system\\OBS-api\\vendor\\laravel\\lumen-framework\\src\\Routing\\Pipeline.php(30): Illuminate\\Pipeline\\Pipeline->Illuminate\\Pipeline\\{closure}(Object(Laravel\\Lumen\\Http\\Request))
#11 C:\\Users\\Lovely\\Desktop\\Angular\\OBS\\online-barter-system\\OBS-api\\vendor\\illuminate\\pipeline\\Pipeline.php(119): Laravel\\Lumen\\Routing\\Pipeline->Laravel\\Lumen\\Routing\\{closure}(Object(Laravel\\Lumen\\Http\\Request))
#12 C:\\Users\\Lovely\\Desktop\\Angular\\OBS\\online-barter-system\\OBS-api\\vendor\\laravel\\lumen-framework\\src\\Concerns\\RoutesRequests.php(428): Illuminate\\Pipeline\\Pipeline->then(Object(Closure))
#13 C:\\Users\\Lovely\\Desktop\\Angular\\OBS\\online-barter-system\\OBS-api\\vendor\\laravel\\lumen-framework\\src\\Concerns\\RoutesRequests.php(167): Laravel\\Lumen\\Application->sendThroughPipeline(Array, Object(Closure))
#14 C:\\Users\\Lovely\\Desktop\\Angular\\OBS\\online-barter-system\\OBS-api\\vendor\\laravel\\lumen-framework\\src\\Concerns\\RoutesRequests.php(112): Laravel\\Lumen\\Application->dispatch(NULL)
#15 C:\\Users\\Lovely\\Desktop\\Angular\\OBS\\online-barter-system\\OBS-api\\public\\index.php(28): Laravel\\Lumen\\Application->run()
#16 {main}

[previous exception] [object] (ReflectionException(code: -1): Class \"App\\Http\\Controllers\\AuthController\" does not exist at C:\\Users\\Lovely\\Desktop\\Angular\\OBS\\online-barter-system\\OBS-api\\vendor\\illuminate\\container\\Container.php:912)
[stacktrace]
#0 C:\\Users\\Lovely\\Desktop\\Angular\\OBS\\online-barter-system\\OBS-api\\vendor\\illuminate\\container\\Container.php(912): ReflectionClass->__construct('App\\\\Http\\\\Contro...')
#1 C:\\Users\\Lovely\\Desktop\\Angular\\OBS\\online-barter-system\\OBS-api\\vendor\\illuminate\\container\\Container.php(795): Illuminate\\Container\\Container->build('App\\\\Http\\\\Contro...')
#2 C:\\Users\\Lovely\\Desktop\\Angular\\OBS\\online-barter-system\\OBS-api\\vendor\\illuminate\\container\\Container.php(731): Illuminate\\Container\\Container->resolve('App\\\\Http\\\\Contro...', Array)
#3 C:\\Users\\Lovely\\Desktop\\Angular\\OBS\\online-barter-system\\OBS-api\\vendor\\laravel\\lumen-framework\\src\\Application.php(327): Illuminate\\Container\\Container->make('App\\\\Http\\\\Contro...', Array)
#4 C:\\Users\\Lovely\\Desktop\\Angular\\OBS\\online-barter-system\\OBS-api\\vendor\\laravel\\lumen-framework\\src\\Concerns\\RoutesRequests.php(326): Laravel\\Lumen\\Application->make('App\\\\Http\\\\Contro...')
#5 C:\\Users\\Lovely\\Desktop\\Angular\\OBS\\online-barter-system\\OBS-api\\vendor\\laravel\\lumen-framework\\src\\Concerns\\RoutesRequests.php(284): Laravel\\Lumen\\Application->callControllerAction(Array)
#6 C:\\Users\\Lovely\\Desktop\\Angular\\OBS\\online-barter-system\\OBS-api\\vendor\\laravel\\lumen-framework\\src\\Concerns\\RoutesRequests.php(269): Laravel\\Lumen\\Application->callActionOnArrayBasedRoute(Array)
#7 C:\\Users\\Lovely\\Desktop\\Angular\\OBS\\online-barter-system\\OBS-api\\vendor\\laravel\\lumen-framework\\src\\Concerns\\RoutesRequests.php(171): Laravel\\Lumen\\Application->handleFoundRoute(Array)
#8 C:\\Users\\Lovely\\Desktop\\Angular\\OBS\\online-barter-system\\OBS-api\\vendor\\laravel\\lumen-framework\\src\\Routing\\Pipeline.php(48): Laravel\\Lumen\\Application->Laravel\\Lumen\\Concerns\\{closure}(Object(Laravel\\Lumen\\Http\\Request))
#9 C:\\Users\\Lovely\\Desktop\\Angular\\OBS\\online-barter-system\\OBS-api\\app\\Http\\Middleware\\CorsMiddleware.php(11): Laravel\\Lumen\\Routing\\Pipeline->Laravel\\Lumen\\Routing\\{closure}(Object(Laravel\\Lumen\\Http\\Request))
#10 C:\\Users\\Lovely\\Desktop\\Angular\\OBS\\online-barter-system\\OBS-api\\vendor\\illuminate\\pipeline\\Pipeline.php(183): App\\Http\\Middleware\\CorsMiddleware->handle(Object(Laravel\\Lumen\\Http\\Request), Object(Closure))
#11 C:\\Users\\Lovely\\Desktop\\Angular\\OBS\\online-barter-system\\OBS-api\\vendor\\laravel\\lumen-framework\\src\\Routing\\Pipeline.php(30): Illuminate\\Pipeline\\Pipeline->Illuminate\\Pipeline\\{closure}(Object(Laravel\\Lumen\\Http\\Request))
#12 C:\\Users\\Lovely\\Desktop\\Angular\\OBS\\online-barter-system\\OBS-api\\vendor\\illuminate\\pipeline\\Pipeline.php(119): Laravel\\Lumen\\Routing\\Pipeline->Laravel\\Lumen\\Routing\\{closure}(Object(Laravel\\Lumen\\Http\\Request))
#13 C:\\Users\\Lovely\\Desktop\\Angular\\OBS\\online-barter-system\\OBS-api\\vendor\\laravel\\lumen-framework\\src\\Concerns\\RoutesRequests.php(428): Illuminate\\Pipeline\\Pipeline->then(Object(Closure))
#14 C:\\Users\\Lovely\\Desktop\\Angular\\OBS\\online-barter-system\\OBS-api\\vendor\\laravel\\lumen-framework\\src\\Concerns\\RoutesRequests.php(167): Laravel\\Lumen\\Application->sendThroughPipeline(Array, Object(Closure))
#15 C:\\Users\\Lovely\\Desktop\\Angular\\OBS\\online-barter-system\\OBS-api\\vendor\\laravel\\lumen-framework\\src\\Concerns\\RoutesRequests.php(112): Laravel\\Lumen\\Application->dispatch(NULL)
#16 C:\\Users\\Lovely\\Desktop\\Angular\\OBS\\online-barter-system\\OBS-api\\public\\index.php(28): Laravel\\Lumen\\Application->run()
#17 {main}
"} 
[2025-03-30 11:12:55] local.ERROR: Target class [App\Http\Controllers\AuthController] does not exist. {"exception":"[object] (Illuminate\\Contracts\\Container\\BindingResolutionException(code: 0): Target class [App\\Http\\Controllers\\AuthController] does not exist. at C:\\Users\\Lovely\\Desktop\\Angular\\OBS\\online-barter-system\\OBS-api\\vendor\\illuminate\\container\\Container.php:914)
[stacktrace]
#0 C:\\Users\\Lovely\\Desktop\\Angular\\OBS\\online-barter-system\\OBS-api\\vendor\\illuminate\\container\\Container.php(795): Illuminate\\Container\\Container->build('App\\\\Http\\\\Contro...')
#1 C:\\Users\\Lovely\\Desktop\\Angular\\OBS\\online-barter-system\\OBS-api\\vendor\\illuminate\\container\\Container.php(731): Illuminate\\Container\\Container->resolve('App\\\\Http\\\\Contro...', Array)
#2 C:\\Users\\Lovely\\Desktop\\Angular\\OBS\\online-barter-system\\OBS-api\\vendor\\laravel\\lumen-framework\\src\\Application.php(327): Illuminate\\Container\\Container->make('App\\\\Http\\\\Contro...', Array)
#3 C:\\Users\\Lovely\\Desktop\\Angular\\OBS\\online-barter-system\\OBS-api\\vendor\\laravel\\lumen-framework\\src\\Concerns\\RoutesRequests.php(326): Laravel\\Lumen\\Application->make('App\\\\Http\\\\Contro...')
#4 C:\\Users\\Lovely\\Desktop\\Angular\\OBS\\online-barter-system\\OBS-api\\vendor\\laravel\\lumen-framework\\src\\Concerns\\RoutesRequests.php(284): Laravel\\Lumen\\Application->callControllerAction(Array)
#5 C:\\Users\\Lovely\\Desktop\\Angular\\OBS\\online-barter-system\\OBS-api\\vendor\\laravel\\lumen-framework\\src\\Concerns\\RoutesRequests.php(269): Laravel\\Lumen\\Application->callActionOnArrayBasedRoute(Array)
#6 C:\\Users\\Lovely\\Desktop\\Angular\\OBS\\online-barter-system\\OBS-api\\vendor\\laravel\\lumen-framework\\src\\Concerns\\RoutesRequests.php(171): Laravel\\Lumen\\Application->handleFoundRoute(Array)
#7 C:\\Users\\Lovely\\Desktop\\Angular\\OBS\\online-barter-system\\OBS-api\\vendor\\laravel\\lumen-framework\\src\\Routing\\Pipeline.php(48): Laravel\\Lumen\\Application->Laravel\\Lumen\\Concerns\\{closure}(Object(Laravel\\Lumen\\Http\\Request))
#8 C:\\Users\\Lovely\\Desktop\\Angular\\OBS\\online-barter-system\\OBS-api\\app\\Http\\Middleware\\CorsMiddleware.php(11): Laravel\\Lumen\\Routing\\Pipeline->Laravel\\Lumen\\Routing\\{closure}(Object(Laravel\\Lumen\\Http\\Request))
#9 C:\\Users\\Lovely\\Desktop\\Angular\\OBS\\online-barter-system\\OBS-api\\vendor\\illuminate\\pipeline\\Pipeline.php(183): App\\Http\\Middleware\\CorsMiddleware->handle(Object(Laravel\\Lumen\\Http\\Request), Object(Closure))
#10 C:\\Users\\Lovely\\Desktop\\Angular\\OBS\\online-barter-system\\OBS-api\\vendor\\laravel\\lumen-framework\\src\\Routing\\Pipeline.php(30): Illuminate\\Pipeline\\Pipeline->Illuminate\\Pipeline\\{closure}(Object(Laravel\\Lumen\\Http\\Request))
#11 C:\\Users\\Lovely\\Desktop\\Angular\\OBS\\online-barter-system\\OBS-api\\vendor\\illuminate\\pipeline\\Pipeline.php(119): Laravel\\Lumen\\Routing\\Pipeline->Laravel\\Lumen\\Routing\\{closure}(Object(Laravel\\Lumen\\Http\\Request))
#12 C:\\Users\\Lovely\\Desktop\\Angular\\OBS\\online-barter-system\\OBS-api\\vendor\\laravel\\lumen-framework\\src\\Concerns\\RoutesRequests.php(428): Illuminate\\Pipeline\\Pipeline->then(Object(Closure))
#13 C:\\Users\\Lovely\\Desktop\\Angular\\OBS\\online-barter-system\\OBS-api\\vendor\\laravel\\lumen-framework\\src\\Concerns\\RoutesRequests.php(167): Laravel\\Lumen\\Application->sendThroughPipeline(Array, Object(Closure))
#14 C:\\Users\\Lovely\\Desktop\\Angular\\OBS\\online-barter-system\\OBS-api\\vendor\\laravel\\lumen-framework\\src\\Concerns\\RoutesRequests.php(112): Laravel\\Lumen\\Application->dispatch(NULL)
#15 C:\\Users\\Lovely\\Desktop\\Angular\\OBS\\online-barter-system\\OBS-api\\public\\index.php(28): Laravel\\Lumen\\Application->run()
#16 {main}

[previous exception] [object] (ReflectionException(code: -1): Class \"App\\Http\\Controllers\\AuthController\" does not exist at C:\\Users\\Lovely\\Desktop\\Angular\\OBS\\online-barter-system\\OBS-api\\vendor\\illuminate\\container\\Container.php:912)
[stacktrace]
#0 C:\\Users\\Lovely\\Desktop\\Angular\\OBS\\online-barter-system\\OBS-api\\vendor\\illuminate\\container\\Container.php(912): ReflectionClass->__construct('App\\\\Http\\\\Contro...')
#1 C:\\Users\\Lovely\\Desktop\\Angular\\OBS\\online-barter-system\\OBS-api\\vendor\\illuminate\\container\\Container.php(795): Illuminate\\Container\\Container->build('App\\\\Http\\\\Contro...')
#2 C:\\Users\\Lovely\\Desktop\\Angular\\OBS\\online-barter-system\\OBS-api\\vendor\\illuminate\\container\\Container.php(731): Illuminate\\Container\\Container->resolve('App\\\\Http\\\\Contro...', Array)
#3 C:\\Users\\Lovely\\Desktop\\Angular\\OBS\\online-barter-system\\OBS-api\\vendor\\laravel\\lumen-framework\\src\\Application.php(327): Illuminate\\Container\\Container->make('App\\\\Http\\\\Contro...', Array)
#4 C:\\Users\\Lovely\\Desktop\\Angular\\OBS\\online-barter-system\\OBS-api\\vendor\\laravel\\lumen-framework\\src\\Concerns\\RoutesRequests.php(326): Laravel\\Lumen\\Application->make('App\\\\Http\\\\Contro...')
#5 C:\\Users\\Lovely\\Desktop\\Angular\\OBS\\online-barter-system\\OBS-api\\vendor\\laravel\\lumen-framework\\src\\Concerns\\RoutesRequests.php(284): Laravel\\Lumen\\Application->callControllerAction(Array)
#6 C:\\Users\\Lovely\\Desktop\\Angular\\OBS\\online-barter-system\\OBS-api\\vendor\\laravel\\lumen-framework\\src\\Concerns\\RoutesRequests.php(269): Laravel\\Lumen\\Application->callActionOnArrayBasedRoute(Array)
#7 C:\\Users\\Lovely\\Desktop\\Angular\\OBS\\online-barter-system\\OBS-api\\vendor\\laravel\\lumen-framework\\src\\Concerns\\RoutesRequests.php(171): Laravel\\Lumen\\Application->handleFoundRoute(Array)
#8 C:\\Users\\Lovely\\Desktop\\Angular\\OBS\\online-barter-system\\OBS-api\\vendor\\laravel\\lumen-framework\\src\\Routing\\Pipeline.php(48): Laravel\\Lumen\\Application->Laravel\\Lumen\\Concerns\\{closure}(Object(Laravel\\Lumen\\Http\\Request))
#9 C:\\Users\\Lovely\\Desktop\\Angular\\OBS\\online-barter-system\\OBS-api\\app\\Http\\Middleware\\CorsMiddleware.php(11): Laravel\\Lumen\\Routing\\Pipeline->Laravel\\Lumen\\Routing\\{closure}(Object(Laravel\\Lumen\\Http\\Request))
#10 C:\\Users\\Lovely\\Desktop\\Angular\\OBS\\online-barter-system\\OBS-api\\vendor\\illuminate\\pipeline\\Pipeline.php(183): App\\Http\\Middleware\\CorsMiddleware->handle(Object(Laravel\\Lumen\\Http\\Request), Object(Closure))
#11 C:\\Users\\Lovely\\Desktop\\Angular\\OBS\\online-barter-system\\OBS-api\\vendor\\laravel\\lumen-framework\\src\\Routing\\Pipeline.php(30): Illuminate\\Pipeline\\Pipeline->Illuminate\\Pipeline\\{closure}(Object(Laravel\\Lumen\\Http\\Request))
#12 C:\\Users\\Lovely\\Desktop\\Angular\\OBS\\online-barter-system\\OBS-api\\vendor\\illuminate\\pipeline\\Pipeline.php(119): Laravel\\Lumen\\Routing\\Pipeline->Laravel\\Lumen\\Routing\\{closure}(Object(Laravel\\Lumen\\Http\\Request))
#13 C:\\Users\\Lovely\\Desktop\\Angular\\OBS\\online-barter-system\\OBS-api\\vendor\\laravel\\lumen-framework\\src\\Concerns\\RoutesRequests.php(428): Illuminate\\Pipeline\\Pipeline->then(Object(Closure))
#14 C:\\Users\\Lovely\\Desktop\\Angular\\OBS\\online-barter-system\\OBS-api\\vendor\\laravel\\lumen-framework\\src\\Concerns\\RoutesRequests.php(167): Laravel\\Lumen\\Application->sendThroughPipeline(Array, Object(Closure))
#15 C:\\Users\\Lovely\\Desktop\\Angular\\OBS\\online-barter-system\\OBS-api\\vendor\\laravel\\lumen-framework\\src\\Concerns\\RoutesRequests.php(112): Laravel\\Lumen\\Application->dispatch(NULL)
#16 C:\\Users\\Lovely\\Desktop\\Angular\\OBS\\online-barter-system\\OBS-api\\public\\index.php(28): Laravel\\Lumen\\Application->run()
#17 {main}
"} 
